Archive member included to satisfy reference by file (symbol)

/opt/Atollic_TrueSTUDIO_for_STM32_x86_64_9.2.0/ARMTools/bin/../lib/gcc/arm-atollic-eabi/6.3.1/../../../../arm-atollic-eabi/lib/armv7-m/libc_nano.a(lib_a-init.o)
                              src/startup_stm32f10x_cl.o (__libc_init_array)
/opt/Atollic_TrueSTUDIO_for_STM32_x86_64_9.2.0/ARMTools/bin/../lib/gcc/arm-atollic-eabi/6.3.1/../../../../arm-atollic-eabi/lib/armv7-m/libc_nano.a(lib_a-lcltime.o)
                              src/stm32f1xx_it.o (localtime)
/opt/Atollic_TrueSTUDIO_for_STM32_x86_64_9.2.0/ARMTools/bin/../lib/gcc/arm-atollic-eabi/6.3.1/../../../../arm-atollic-eabi/lib/armv7-m/libc_nano.a(lib_a-lcltime_r.o)
                              /opt/Atollic_TrueSTUDIO_for_STM32_x86_64_9.2.0/ARMTools/bin/../lib/gcc/arm-atollic-eabi/6.3.1/../../../../arm-atollic-eabi/lib/armv7-m/libc_nano.a(lib_a-lcltime.o) (localtime_r)
/opt/Atollic_TrueSTUDIO_for_STM32_x86_64_9.2.0/ARMTools/bin/../lib/gcc/arm-atollic-eabi/6.3.1/../../../../arm-atollic-eabi/lib/armv7-m/libc_nano.a(lib_a-malloc.o)
                              /opt/Atollic_TrueSTUDIO_for_STM32_x86_64_9.2.0/ARMTools/bin/../lib/gcc/arm-atollic-eabi/6.3.1/../../../../arm-atollic-eabi/lib/armv7-m/libc_nano.a(lib_a-lcltime.o) (malloc)
/opt/Atollic_TrueSTUDIO_for_STM32_x86_64_9.2.0/ARMTools/bin/../lib/gcc/arm-atollic-eabi/6.3.1/../../../../arm-atollic-eabi/lib/armv7-m/libc_nano.a(lib_a-memcpy-stub.o)
                              Libraries/lwip-1.3.1/port/ethernetif.o (memcpy)
/opt/Atollic_TrueSTUDIO_for_STM32_x86_64_9.2.0/ARMTools/bin/../lib/gcc/arm-atollic-eabi/6.3.1/../../../../arm-atollic-eabi/lib/armv7-m/libc_nano.a(lib_a-memset.o)
                              Libraries/lwip-1.3.1/src/core/dhcp.o (memset)
/opt/Atollic_TrueSTUDIO_for_STM32_x86_64_9.2.0/ARMTools/bin/../lib/gcc/arm-atollic-eabi/6.3.1/../../../../arm-atollic-eabi/lib/armv7-m/libc_nano.a(lib_a-month_lengths.o)
                              /opt/Atollic_TrueSTUDIO_for_STM32_x86_64_9.2.0/ARMTools/bin/../lib/gcc/arm-atollic-eabi/6.3.1/../../../../arm-atollic-eabi/lib/armv7-m/libc_nano.a(lib_a-lcltime_r.o) (__month_lengths)
/opt/Atollic_TrueSTUDIO_for_STM32_x86_64_9.2.0/ARMTools/bin/../lib/gcc/arm-atollic-eabi/6.3.1/../../../../arm-atollic-eabi/lib/armv7-m/libc_nano.a(lib_a-nano-freer.o)
                              /opt/Atollic_TrueSTUDIO_for_STM32_x86_64_9.2.0/ARMTools/bin/../lib/gcc/arm-atollic-eabi/6.3.1/../../../../arm-atollic-eabi/lib/armv7-m/libc_nano.a(lib_a-malloc.o) (_free_r)
/opt/Atollic_TrueSTUDIO_for_STM32_x86_64_9.2.0/ARMTools/bin/../lib/gcc/arm-atollic-eabi/6.3.1/../../../../arm-atollic-eabi/lib/armv7-m/libc_nano.a(lib_a-nano-mallocr.o)
                              /opt/Atollic_TrueSTUDIO_for_STM32_x86_64_9.2.0/ARMTools/bin/../lib/gcc/arm-atollic-eabi/6.3.1/../../../../arm-atollic-eabi/lib/armv7-m/libc_nano.a(lib_a-malloc.o) (_malloc_r)
/opt/Atollic_TrueSTUDIO_for_STM32_x86_64_9.2.0/ARMTools/bin/../lib/gcc/arm-atollic-eabi/6.3.1/../../../../arm-atollic-eabi/lib/armv7-m/libc_nano.a(lib_a-sbrkr.o)
                              /opt/Atollic_TrueSTUDIO_for_STM32_x86_64_9.2.0/ARMTools/bin/../lib/gcc/arm-atollic-eabi/6.3.1/../../../../arm-atollic-eabi/lib/armv7-m/libc_nano.a(lib_a-nano-mallocr.o) (_sbrk_r)
/opt/Atollic_TrueSTUDIO_for_STM32_x86_64_9.2.0/ARMTools/bin/../lib/gcc/arm-atollic-eabi/6.3.1/../../../../arm-atollic-eabi/lib/armv7-m/libc_nano.a(lib_a-strcpy.o)
                              Libraries/lwip-1.3.1/port/tftputils.o (strcpy)
/opt/Atollic_TrueSTUDIO_for_STM32_x86_64_9.2.0/ARMTools/bin/../lib/gcc/arm-atollic-eabi/6.3.1/../../../../arm-atollic-eabi/lib/armv7-m/libc_nano.a(lib_a-strlen.o)
                              src/tiny_printf.o (strlen)
/opt/Atollic_TrueSTUDIO_for_STM32_x86_64_9.2.0/ARMTools/bin/../lib/gcc/arm-atollic-eabi/6.3.1/../../../../arm-atollic-eabi/lib/armv7-m/libc_nano.a(lib_a-tzcalc_limits.o)
                              /opt/Atollic_TrueSTUDIO_for_STM32_x86_64_9.2.0/ARMTools/bin/../lib/gcc/arm-atollic-eabi/6.3.1/../../../../arm-atollic-eabi/lib/armv7-m/libc_nano.a(lib_a-lcltime_r.o) (__tzcalc_limits)
/opt/Atollic_TrueSTUDIO_for_STM32_x86_64_9.2.0/ARMTools/bin/../lib/gcc/arm-atollic-eabi/6.3.1/../../../../arm-atollic-eabi/lib/armv7-m/libc_nano.a(lib_a-tzlock.o)
                              /opt/Atollic_TrueSTUDIO_for_STM32_x86_64_9.2.0/ARMTools/bin/../lib/gcc/arm-atollic-eabi/6.3.1/../../../../arm-atollic-eabi/lib/armv7-m/libc_nano.a(lib_a-lcltime_r.o) (__tz_lock)
/opt/Atollic_TrueSTUDIO_for_STM32_x86_64_9.2.0/ARMTools/bin/../lib/gcc/arm-atollic-eabi/6.3.1/../../../../arm-atollic-eabi/lib/armv7-m/libc_nano.a(lib_a-tzset.o)
                              /opt/Atollic_TrueSTUDIO_for_STM32_x86_64_9.2.0/ARMTools/bin/../lib/gcc/arm-atollic-eabi/6.3.1/../../../../arm-atollic-eabi/lib/armv7-m/libc_nano.a(lib_a-lcltime_r.o) (_tzset_unlocked)
[...]
Memory Configuration

Name             Origin             Length             Attributes
FLASH            0x0000000008000000 0x0000000000040000 xr
RAM              0x0000000020000000 0x0000000000010000 xrw
MEMORY_B1        0x0000000060000000 0x0000000000000000 xr
*default*        0x0000000000000000 0xffffffffffffffff

Linker script and memory map

LOAD /opt/Atollic_TrueSTUDIO_for_STM32_x86_64_9.2.0/ARMTools/bin/../lib/gcc/arm-atollic-eabi/6.3.1/armv7-m/crti.o
LOAD /opt/Atollic_TrueSTUDIO_for_STM32_x86_64_9.2.0/ARMTools/bin/../lib/gcc/arm-atollic-eabi/6.3.1/armv7-m/crtbegin.o
LOAD Libraries/STM32F10x_StdPeriph_Driver/src/misc.o
LOAD Libraries/STM32F10x_StdPeriph_Driver/src/stm32f10x_adc.o
LOAD Libraries/STM32F10x_StdPeriph_Driver/src/stm32f10x_bkp.o
LOAD Libraries/STM32F10x_StdPeriph_Driver/src/stm32f10x_can.o
LOAD Libraries/STM32F10x_StdPeriph_Driver/src/stm32f10x_cec.o
LOAD Libraries/STM32F10x_StdPeriph_Driver/src/stm32f10x_crc.o
LOAD Libraries/STM32F10x_StdPeriph_Driver/src/stm32f10x_dac.o
LOAD Libraries/STM32F10x_StdPeriph_Driver/src/stm32f10x_dbgmcu.o
LOAD Libraries/STM32F10x_StdPeriph_Driver/src/stm32f10x_dma.o
LOAD Libraries/STM32F10x_StdPeriph_Driver/src/stm32f10x_exti.o
LOAD Libraries/STM32F10x_StdPeriph_Driver/src/stm32f10x_flash.o
LOAD Libraries/STM32F10x_StdPeriph_Driver/src/stm32f10x_fsmc.o
LOAD Libraries/STM32F10x_StdPeriph_Driver/src/stm32f10x_gpio.o
LOAD Libraries/STM32F10x_StdPeriph_Driver/src/stm32f10x_i2c.o
LOAD Libraries/STM32F10x_StdPeriph_Driver/src/stm32f10x_iwdg.o
LOAD Libraries/STM32F10x_StdPeriph_Driver/src/stm32f10x_pwr.o
LOAD Libraries/STM32F10x_StdPeriph_Driver/src/stm32f10x_rcc.o
LOAD Libraries/STM32F10x_StdPeriph_Driver/src/stm32f10x_rtc.o
LOAD Libraries/STM32F10x_StdPeriph_Driver/src/stm32f10x_sdio.o
LOAD Libraries/STM32F10x_StdPeriph_Driver/src/stm32f10x_spi.o
LOAD Libraries/STM32F10x_StdPeriph_Driver/src/stm32f10x_tim.o
LOAD Libraries/STM32F10x_StdPeriph_Driver/src/stm32f10x_usart.o
LOAD Libraries/STM32F10x_StdPeriph_Driver/src/stm32f10x_wwdg.o
LOAD Libraries/STM32_ETH_Driver/src/stm32_eth.o
LOAD Libraries/lwip-1.3.1/port/ethernetif.o
LOAD Libraries/lwip-1.3.1/port/tftputils.o
LOAD Libraries/lwip-1.3.1/src/api/api_lib.o
LOAD Libraries/lwip-1.3.1/src/api/api_msg.o
LOAD Libraries/lwip-1.3.1/src/api/err.o
LOAD Libraries/lwip-1.3.1/src/api/netbuf.o
LOAD Libraries/lwip-1.3.1/src/api/netdb.o
LOAD Libraries/lwip-1.3.1/src/api/netifapi.o
LOAD Libraries/lwip-1.3.1/src/api/sockets.o
LOAD Libraries/lwip-1.3.1/src/api/tcpip.o
LOAD Libraries/lwip-1.3.1/src/core/dhcp.o
LOAD Libraries/lwip-1.3.1/src/core/dns.o
LOAD Libraries/lwip-1.3.1/src/core/init.o
LOAD Libraries/lwip-1.3.1/src/core/ipv4/autoip.o
LOAD Libraries/lwip-1.3.1/src/core/ipv4/icmp.o
LOAD Libraries/lwip-1.3.1/src/core/ipv4/igmp.o
LOAD Libraries/lwip-1.3.1/src/core/ipv4/inet.o
LOAD Libraries/lwip-1.3.1/src/core/ipv4/inet_chksum.o
LOAD Libraries/lwip-1.3.1/src/core/ipv4/ip.o
LOAD Libraries/lwip-1.3.1/src/core/ipv4/ip_addr.o
LOAD Libraries/lwip-1.3.1/src/core/ipv4/ip_frag.o
LOAD Libraries/lwip-1.3.1/src/core/mem.o
LOAD Libraries/lwip-1.3.1/src/core/memp.o
LOAD Libraries/lwip-1.3.1/src/core/netif.o
LOAD Libraries/lwip-1.3.1/src/core/pbuf.o
LOAD Libraries/lwip-1.3.1/src/core/raw.o
LOAD Libraries/lwip-1.3.1/src/core/stats.o
LOAD Libraries/lwip-1.3.1/src/core/sys.o
LOAD Libraries/lwip-1.3.1/src/core/tcp.o
LOAD Libraries/lwip-1.3.1/src/core/tcp_in.o
LOAD Libraries/lwip-1.3.1/src/core/udp.o
LOAD Libraries/lwip-1.3.1/src/netif/etharp.o
LOAD Libraries/lwip-1.3.1/src/netif/ethernetif.o
LOAD Libraries/lwip-1.3.1/src/netif/loopif.o
LOAD Libraries/lwip-1.3.1/src/netif/ppp/auth.o
LOAD Libraries/lwip-1.3.1/src/netif/ppp/chap.o
LOAD Libraries/lwip-1.3.1/src/netif/ppp/chpms.o
LOAD Libraries/lwip-1.3.1/src/netif/ppp/fsm.o
LOAD Libraries/lwip-1.3.1/src/netif/ppp/ipcp.o
LOAD Libraries/lwip-1.3.1/src/netif/ppp/lcp.o
LOAD Libraries/lwip-1.3.1/src/netif/ppp/magic.o
LOAD Libraries/lwip-1.3.1/src/netif/ppp/md5.o
LOAD Libraries/lwip-1.3.1/src/netif/ppp/pap.o
LOAD Libraries/lwip-1.3.1/src/netif/ppp/ppp.o
LOAD Libraries/lwip-1.3.1/src/netif/ppp/ppp_oe.o
LOAD Libraries/lwip-1.3.1/src/netif/ppp/randm.o
LOAD Libraries/lwip-1.3.1/src/netif/ppp/vj.o
LOAD Libraries/lwip-1.3.1/src/netif/slipif.o
LOAD Libraries/premain/premain.o
LOAD src/ethernet.o
LOAD src/main.o
LOAD src/startup_stm32f10x_cl.o
LOAD src/stm32f1xx_it.o
LOAD src/sys_init.o
LOAD src/system_stm32f10x.o
LOAD src/tiny_printf.o
LOAD src/updater.o
                0x0000000000000080                malloc_getpagesize_P = 0x80
START GROUP
LOAD /opt/Atollic_TrueSTUDIO_for_STM32_x86_64_9.2.0/ARMTools/bin/../lib/gcc/arm-atollic-eabi/6.3.1/../../../../arm-atollic-eabi/lib/armv7-m/libc_nano.a
LOAD /opt/Atollic_TrueSTUDIO_for_STM32_x86_64_9.2.0/ARMTools/bin/../lib/gcc/arm-atollic-eabi/6.3.1/../../../../arm-atollic-eabi/lib/armv7-m/libm.a
END GROUP
START GROUP
LOAD /opt/Atollic_TrueSTUDIO_for_STM32_x86_64_9.2.0/ARMTools/bin/../lib/gcc/arm-atollic-eabi/6.3.1/armv7-m/libgcc.a
LOAD /opt/Atollic_TrueSTUDIO_for_STM32_x86_64_9.2.0/ARMTools/bin/../lib/gcc/arm-atollic-eabi/6.3.1/../../../../arm-atollic-eabi/lib/armv7-m/libc_nano.a
END GROUP
START GROUP
LOAD /opt/Atollic_TrueSTUDIO_for_STM32_x86_64_9.2.0/ARMTools/bin/../lib/gcc/arm-atollic-eabi/6.3.1/armv7-m/libgcc.a
LOAD /opt/Atollic_TrueSTUDIO_for_STM32_x86_64_9.2.0/ARMTools/bin/../lib/gcc/arm-atollic-eabi/6.3.1/../../../../arm-atollic-eabi/lib/armv7-m/libc_nano.a
LOAD /opt/Atollic_TrueSTUDIO_for_STM32_x86_64_9.2.0/ARMTools/bin/../lib/gcc/arm-atollic-eabi/6.3.1/../../../../arm-atollic-eabi/lib/armv7-m/libnosys.a
END GROUP
START GROUP
LOAD /opt/Atollic_TrueSTUDIO_for_STM32_x86_64_9.2.0/ARMTools/bin/../lib/gcc/arm-atollic-eabi/6.3.1/armv7-m/libgcc.a
LOAD /opt/Atollic_TrueSTUDIO_for_STM32_x86_64_9.2.0/ARMTools/bin/../lib/gcc/arm-atollic-eabi/6.3.1/../../../../arm-atollic-eabi/lib/armv7-m/libc_nano.a
LOAD /opt/Atollic_TrueSTUDIO_for_STM32_x86_64_9.2.0/ARMTools/bin/../lib/gcc/arm-atollic-eabi/6.3.1/../../../../arm-atollic-eabi/lib/armv7-m/libnosys.a
END GROUP
LOAD /opt/Atollic_TrueSTUDIO_for_STM32_x86_64_9.2.0/ARMTools/bin/../lib/gcc/arm-atollic-eabi/6.3.1/armv7-m/crtend.o
LOAD /opt/Atollic_TrueSTUDIO_for_STM32_x86_64_9.2.0/ARMTools/bin/../lib/gcc/arm-atollic-eabi/6.3.1/armv7-m/crtn.o
                0x0000000020010000                _estack = 0x20010000
                0x0000000000000000                _Min_Heap_Size = 0x0
                0x0000000000000200                _Min_Stack_Size = 0x200

.isr_vector     0x0000000008000000      0x1e4
                0x0000000008000000                . = ALIGN (0x4)
 *(.isr_vector)
 .isr_vector    0x0000000008000000      0x1e4 src/startup_stm32f10x_cl.o
                0x0000000008000000                g_pfnVectors
                0x00000000080001e4                . = ALIGN (0x4)

.text           0x00000000080001e4     0x24c8
                0x00000000080001e4                . = ALIGN (0x4)
 *(.text)
 .text          0x00000000080001e4       0x40 /opt/Atollic_TrueSTUDIO_for_STM32_x86_64_9.2.0/ARMTools/bin/../lib/gcc/arm-atollic-eabi/6.3.1/armv7-m/crtbegin.o
 .text          0x0000000008000224       0x10 /opt/Atollic_TrueSTUDIO_for_STM32_x86_64_9.2.0/ARMTools/bin/../lib/gcc/arm-atollic-eabi/6.3.1/../../../../arm-atollic-eabi/lib/armv7-m/libc_nano.a(lib_a-strlen.o)
                0x0000000008000224                strlen
 .text          0x0000000008000234       0x14 /opt/Atollic_TrueSTUDIO_for_STM32_x86_64_9.2.0/ARMTools/bin/../lib/gcc/arm-atollic-eabi/6.3.1/../../../../arm-atollic-eabi/lib/armv7-m/libc_nano.a(lib_a-strcmp.o)
                0x0000000008000234                strcmp
 *(.text*)
 .text.ETH_GetRxPktSize
                0x0000000008000248       0x58 Libraries/STM32_ETH_Driver/src/stm32_eth.o
                0x0000000008000248                ETH_GetRxPktSize
 .text.ETH_GetDMARxDescFrameLength
                0x00000000080002a0       0x1c Libraries/STM32_ETH_Driver/src/stm32_eth.o
                0x00000000080002a0                ETH_GetDMARxDescFrameLength
 .text.ETH_DMAClearITPendingBit
                0x00000000080002bc       0x24 Libraries/STM32_ETH_Driver/src/stm32_eth.o
                0x00000000080002bc                ETH_DMAClearITPendingBit
 .text.low_level_input
                0x00000000080002e0       0xa8 Libraries/lwip-1.3.1/port/ethernetif.o
 .text.ethernetif_input
                0x0000000008000388       0x48 Libraries/lwip-1.3.1/port/ethernetif.o
                0x0000000008000388                ethernetif_input
 .text.ETH_RxPkt_ChainMode
                0x00000000080003d0       0xe4 Libraries/lwip-1.3.1/port/ethernetif.o
                0x00000000080003d0                ETH_RxPkt_ChainMode
 .text.plug_holes
                0x00000000080004b4       0xbc Libraries/lwip-1.3.1/src/core/mem.o
 .text.mem_free
                0x0000000008000570       0x68 Libraries/lwip-1.3.1/src/core/mem.o
                0x0000000008000570                mem_free
 .text.mem_malloc
                0x00000000080005d8      0x14c Libraries/lwip-1.3.1/src/core/mem.o
                0x00000000080005d8                mem_malloc
 .text.memp_malloc
                0x0000000008000724       0x40 Libraries/lwip-1.3.1/src/core/memp.o
                0x0000000008000724                memp_malloc
 .text.memp_free
                0x0000000008000764       0x3c Libraries/lwip-1.3.1/src/core/memp.o
                0x0000000008000764                memp_free
 .text.pbuf_alloc
                0x00000000080007a0      0x1f8 Libraries/lwip-1.3.1/src/core/pbuf.o
                0x00000000080007a0                pbuf_alloc
 .text.pbuf_free
                0x0000000008000998       0x9e Libraries/lwip-1.3.1/src/core/pbuf.o
                0x0000000008000998                pbuf_free
 .text.free_etharp_q
                0x0000000008000a36       0x34 Libraries/lwip-1.3.1/src/netif/etharp.o
 *fill*         0x0000000008000a6a        0x2 
 .text.etharp_tmr
                0x0000000008000a6c      0x100 Libraries/lwip-1.3.1/src/netif/etharp.o
                0x0000000008000a6c                etharp_tmr
 .text.premain  0x0000000008000b6c       0x12 Libraries/premain/premain.o
                0x0000000008000b6c                premain
 *fill*         0x0000000008000b7e        0x2 
 .text.ResetRcc
                0x0000000008000b80       0x64 Libraries/premain/premain.o
                0x0000000008000b80                ResetRcc
 .text.ClockConfig
                0x0000000008000be4       0x50 Libraries/premain/premain.o
                0x0000000008000be4                ClockConfig
 .text.HsiConfig
                0x0000000008000c34       0x1c Libraries/premain/premain.o
                0x0000000008000c34                HsiConfig
 .text.HseConfig
                0x0000000008000c50       0x98 Libraries/premain/premain.o
                0x0000000008000c50                HseConfig
 .text.HsiPllConfig
                0x0000000008000ce8        0xc Libraries/premain/premain.o
                0x0000000008000ce8                HsiPllConfig
 .text.HsePllConfig
                0x0000000008000cf4      0x110 Libraries/premain/premain.o
                0x0000000008000cf4                HsePllConfig
 .text.lwip_pkt_handle
                0x0000000008000e04       0x14 src/ethernet.o
                0x0000000008000e04                lwip_pkt_handle
 .text.lwip_periodic_handle
                0x0000000008000e18       0x30 src/ethernet.o
                0x0000000008000e18                lwip_periodic_handle
 .text.main     0x0000000008000e48        0xa src/main.o
                0x0000000008000e48                main
 *fill*         0x0000000008000e52        0x2 
 .text.Reset_Handler
                0x0000000008000e54       0x50 src/startup_stm32f10x_cl.o
                0x0000000008000e54                Reset_Handler
 .text.Default_Handler
                0x0000000008000ea4        0x2 src/startup_stm32f10x_cl.o
                0x0000000008000ea4                EXTI2_IRQHandler
                0x0000000008000ea4                TIM1_CC_IRQHandler
                0x0000000008000ea4                TIM6_IRQHandler
                0x0000000008000ea4                PVD_IRQHandler
                0x0000000008000ea4                CAN2_RX1_IRQHandler
                0x0000000008000ea4                EXTI3_IRQHandler
                0x0000000008000ea4                EXTI0_IRQHandler
                0x0000000008000ea4                I2C2_EV_IRQHandler
                0x0000000008000ea4                CAN1_RX0_IRQHandler
                0x0000000008000ea4                CAN2_SCE_IRQHandler
                0x0000000008000ea4                ADC1_2_IRQHandler
                0x0000000008000ea4                SPI1_IRQHandler
                0x0000000008000ea4                TAMPER_IRQHandler
                0x0000000008000ea4                CAN2_RX0_IRQHandler
                0x0000000008000ea4                DMA2_Channel2_IRQHandler
                0x0000000008000ea4                DMA1_Channel4_IRQHandler
                0x0000000008000ea4                USART3_IRQHandler
                0x0000000008000ea4                RTC_IRQHandler
                0x0000000008000ea4                DMA1_Channel7_IRQHandler
                0x0000000008000ea4                CAN1_RX1_IRQHandler
                0x0000000008000ea4                UART5_IRQHandler
                0x0000000008000ea4                TIM4_IRQHandler
                0x0000000008000ea4                DMA2_Channel1_IRQHandler
                0x0000000008000ea4                I2C1_EV_IRQHandler
                0x0000000008000ea4                DMA1_Channel6_IRQHandler
                0x0000000008000ea4                UART4_IRQHandler
                0x0000000008000ea4                DMA2_Channel4_IRQHandler
                0x0000000008000ea4                TIM3_IRQHandler
                0x0000000008000ea4                RCC_IRQHandler
                0x0000000008000ea4                TIM1_TRG_COM_IRQHandler
                0x0000000008000ea4                DMA1_Channel1_IRQHandler
                0x0000000008000ea4                Default_Handler
                0x0000000008000ea4                EXTI15_10_IRQHandler
                0x0000000008000ea4                TIM7_IRQHandler
                0x0000000008000ea4                CAN2_TX_IRQHandler
                0x0000000008000ea4                TIM5_IRQHandler
                0x0000000008000ea4                EXTI9_5_IRQHandler
                0x0000000008000ea4                ETH_WKUP_IRQHandler
                0x0000000008000ea4                SPI2_IRQHandler
                0x0000000008000ea4                CAN1_TX_IRQHandler
                0x0000000008000ea4                DMA2_Channel5_IRQHandler
                0x0000000008000ea4                DMA1_Channel5_IRQHandler
                0x0000000008000ea4                EXTI4_IRQHandler
                0x0000000008000ea4                DMA1_Channel3_IRQHandler
                0x0000000008000ea4                TIM1_UP_IRQHandler
                0x0000000008000ea4                WWDG_IRQHandler
                0x0000000008000ea4                TIM2_IRQHandler
                0x0000000008000ea4                OTG_FS_WKUP_IRQHandler
                0x0000000008000ea4                TIM1_BRK_IRQHandler
                0x0000000008000ea4                EXTI1_IRQHandler
                0x0000000008000ea4                RTCAlarm_IRQHandler
                0x0000000008000ea4                USART2_IRQHandler
                0x0000000008000ea4                I2C2_ER_IRQHandler
                0x0000000008000ea4                DMA1_Channel2_IRQHandler
                0x0000000008000ea4                CAN1_SCE_IRQHandler
                0x0000000008000ea4                FLASH_IRQHandler
                0x0000000008000ea4                USART1_IRQHandler
                0x0000000008000ea4                OTG_FS_IRQHandler
                0x0000000008000ea4                SPI3_IRQHandler
                0x0000000008000ea4                I2C1_ER_IRQHandler
                0x0000000008000ea4                DMA2_Channel3_IRQHandler
 .text.NMI_Handler
                0x0000000008000ea6        0xc src/stm32f1xx_it.o
                0x0000000008000ea6                NMI_Handler
 .text.HardFault_Handler
                0x0000000008000eb2        0x6 src/stm32f1xx_it.o
                0x0000000008000eb2                HardFault_Handler
 .text.MemManage_Handler
                0x0000000008000eb8        0x6 src/stm32f1xx_it.o
                0x0000000008000eb8                MemManage_Handler
 .text.BusFault_Handler
                0x0000000008000ebe        0x6 src/stm32f1xx_it.o
                0x0000000008000ebe                BusFault_Handler
 .text.UsageFault_Handler
                0x0000000008000ec4        0x6 src/stm32f1xx_it.o
                0x0000000008000ec4                UsageFault_Handler
 .text.SVC_Handler
                0x0000000008000eca        0xc src/stm32f1xx_it.o
                0x0000000008000eca                SVC_Handler
 .text.DebugMon_Handler
                0x0000000008000ed6        0xc src/stm32f1xx_it.o
                0x0000000008000ed6                DebugMon_Handler
 .text.PendSV_Handler
                0x0000000008000ee2        0xc src/stm32f1xx_it.o
                0x0000000008000ee2                PendSV_Handler
 *fill*         0x0000000008000eee        0x2 
 .text.SysTick_Handler
                0x0000000008000ef0       0x20 src/stm32f1xx_it.o
                0x0000000008000ef0                SysTick_Handler
 .text.ETH_IRQHandler
                0x0000000008000f10       0x26 src/stm32f1xx_it.o
                0x0000000008000f10                ETH_IRQHandler
 *fill*         0x0000000008000f36        0x2 
 .text.NVIC_SetPriority
                0x0000000008000f38       0x54 src/sys_init.o
 .text.SysTick_Config
                0x0000000008000f8c       0x44 src/sys_init.o
 .text.system_init
                0x0000000008000fd0       0x18 src/sys_init.o
                0x0000000008000fd0                system_init
 .text.SystemInit
                0x0000000008000fe8       0x7c src/system_stm32f10x.o
                0x0000000008000fe8                SystemInit
 .text.SetSysClock
                0x0000000008001064        0xc src/system_stm32f10x.o
 .text.SetSysClockTo72
                0x0000000008001070      0x138 src/system_stm32f10x.o
 .text.__libc_init_array
                0x00000000080011a8       0x48 /opt/Atollic_TrueSTUDIO_for_STM32_x86_64_9.2.0/ARMTools/bin/../lib/gcc/arm-atollic-eabi/6.3.1/../../../../arm-atollic-eabi/lib/armv7-m/libc_nano.a(lib_a-init.o)
                0x00000000080011a8                __libc_init_array
 .text.localtime
                0x00000000080011f0       0x24 /opt/Atollic_TrueSTUDIO_for_STM32_x86_64_9.2.0/ARMTools/bin/../lib/gcc/arm-atollic-eabi/6.3.1/../../../../arm-atollic-eabi/lib/armv7-m/libc_nano.a(lib_a-lcltime.o)
                0x00000000080011f0                localtime
 .text.localtime_r
                0x0000000008001214      0x1c8 /opt/Atollic_TrueSTUDIO_for_STM32_x86_64_9.2.0/ARMTools/bin/../lib/gcc/arm-atollic-eabi/6.3.1/../../../../arm-atollic-eabi/lib/armv7-m/libc_nano.a(lib_a-lcltime_r.o)
                0x0000000008001214                localtime_r
 .text.malloc   0x00000000080013dc       0x10 /opt/Atollic_TrueSTUDIO_for_STM32_x86_64_9.2.0/ARMTools/bin/../lib/gcc/arm-atollic-eabi/6.3.1/../../../../arm-atollic-eabi/lib/armv7-m/libc_nano.a(lib_a-malloc.o)
                0x00000000080013dc                malloc
 .text.free     0x00000000080013ec       0x10 /opt/Atollic_TrueSTUDIO_for_STM32_x86_64_9.2.0/ARMTools/bin/../lib/gcc/arm-atollic-eabi/6.3.1/../../../../arm-atollic-eabi/lib/armv7-m/libc_nano.a(lib_a-malloc.o)
                0x00000000080013ec                free
 .text.memcpy   0x00000000080013fc       0x16 /opt/Atollic_TrueSTUDIO_for_STM32_x86_64_9.2.0/ARMTools/bin/../lib/gcc/arm-atollic-eabi/6.3.1/../../../../arm-atollic-eabi/lib/armv7-m/libc_nano.a(lib_a-memcpy-stub.o)
                0x00000000080013fc                memcpy
 *fill*         0x0000000008001412        0x2 
 .text._free_r  0x0000000008001414       0x98 /opt/Atollic_TrueSTUDIO_for_STM32_x86_64_9.2.0/ARMTools/bin/../lib/gcc/arm-atollic-eabi/6.3.1/../../../../arm-atollic-eabi/lib/armv7-m/libc_nano.a(lib_a-nano-freer.o)
                0x0000000008001414                _free_r
 .text._malloc_r
                0x00000000080014ac       0xbc /opt/Atollic_TrueSTUDIO_for_STM32_x86_64_9.2.0/ARMTools/bin/../lib/gcc/arm-atollic-eabi/6.3.1/../../../../arm-atollic-eabi/lib/armv7-m/libc_nano.a(lib_a-nano-mallocr.o)
                0x00000000080014ac                _malloc_r
 .text._sbrk_r  0x0000000008001568       0x20 /opt/Atollic_TrueSTUDIO_for_STM32_x86_64_9.2.0/ARMTools/bin/../lib/gcc/arm-atollic-eabi/6.3.1/../../../../arm-atollic-eabi/lib/armv7-m/libc_nano.a(lib_a-sbrkr.o)
                0x0000000008001568                _sbrk_r
 .text.strcpy   0x0000000008001588       0x10 /opt/Atollic_TrueSTUDIO_for_STM32_x86_64_9.2.0/ARMTools/bin/../lib/gcc/arm-atollic-eabi/6.3.1/../../../../arm-atollic-eabi/lib/armv7-m/libc_nano.a(lib_a-strcpy.o)
                0x0000000008001588                strcpy
 .text.__tzcalc_limits
                0x0000000008001598      0x150 /opt/Atollic_TrueSTUDIO_for_STM32_x86_64_9.2.0/ARMTools/bin/../lib/gcc/arm-atollic-eabi/6.3.1/../../../../arm-atollic-eabi/lib/armv7-m/libc_nano.a(lib_a-tzcalc_limits.o)
                0x0000000008001598                __tzcalc_limits
 .text.__tz_lock
                0x00000000080016e8        0x2 /opt/Atollic_TrueSTUDIO_for_STM32_x86_64_9.2.0/ARMTools/bin/../lib/gcc/arm-atollic-eabi/6.3.1/../../../../arm-atollic-eabi/lib/armv7-m/libc_nano.a(lib_a-tzlock.o)
                0x00000000080016e8                __tz_lock
 .text.__tz_unlock
                0x00000000080016ea        0x2 /opt/Atollic_TrueSTUDIO_for_STM32_x86_64_9.2.0/ARMTools/bin/../lib/gcc/arm-atollic-eabi/6.3.1/../../../../arm-atollic-eabi/lib/armv7-m/libc_nano.a(lib_a-tzlock.o)
                0x00000000080016ea                __tz_unlock
 .text._tzset_unlocked
                0x00000000080016ec        0xc /opt/Atollic_TrueSTUDIO_for_STM32_x86_64_9.2.0/ARMTools/bin/../lib/gcc/arm-atollic-eabi/6.3.1/../../../../arm-atollic-eabi/lib/armv7-m/libc_nano.a(lib_a-tzset.o)
                0x00000000080016ec                _tzset_unlocked
 .text._tzset_unlocked_r
                0x00000000080016f8      0x304 /opt/Atollic_TrueSTUDIO_for_STM32_x86_64_9.2.0/ARMTools/bin/../lib/gcc/arm-atollic-eabi/6.3.1/../../../../arm-atollic-eabi/lib/armv7-m/libc_nano.a(lib_a-tzset_r.o)
                0x00000000080016f8                _tzset_unlocked_r
 .text._findenv_r
                0x00000000080019fc       0x80 /opt/Atollic_TrueSTUDIO_for_STM32_x86_64_9.2.0/ARMTools/bin/../lib/gcc/arm-atollic-eabi/6.3.1/../../../../arm-atollic-eabi/lib/armv7-m/libc_nano.a(lib_a-getenv_r.o)
                0x00000000080019fc                _findenv_r
 .text._getenv_r
                0x0000000008001a7c        0xe /opt/Atollic_TrueSTUDIO_for_STM32_x86_64_9.2.0/ARMTools/bin/../lib/gcc/arm-atollic-eabi/6.3.1/../../../../arm-atollic-eabi/lib/armv7-m/libc_nano.a(lib_a-getenv_r.o)
                0x0000000008001a7c                _getenv_r
 *fill*         0x0000000008001a8a        0x2 
 .text.__gettzinfo
                0x0000000008001a8c        0x8 /opt/Atollic_TrueSTUDIO_for_STM32_x86_64_9.2.0/ARMTools/bin/../lib/gcc/arm-atollic-eabi/6.3.1/../../../../arm-atollic-eabi/lib/armv7-m/libc_nano.a(lib_a-gettzinfo.o)
                0x0000000008001a8c                __gettzinfo
 .text.gmtime_r
                0x0000000008001a94      0x130 /opt/Atollic_TrueSTUDIO_for_STM32_x86_64_9.2.0/ARMTools/bin/../lib/gcc/arm-atollic-eabi/6.3.1/../../../../arm-atollic-eabi/lib/armv7-m/libc_nano.a(lib_a-gmtime_r.o)
                0x0000000008001a94                gmtime_r
 .text.__malloc_lock
                0x0000000008001bc4        0x2 /opt/Atollic_TrueSTUDIO_for_STM32_x86_64_9.2.0/ARMTools/bin/../lib/gcc/arm-atollic-eabi/6.3.1/../../../../arm-atollic-eabi/lib/armv7-m/libc_nano.a(lib_a-mlock.o)
                0x0000000008001bc4                __malloc_lock
 .text.__malloc_unlock
                0x0000000008001bc6        0x2 /opt/Atollic_TrueSTUDIO_for_STM32_x86_64_9.2.0/ARMTools/bin/../lib/gcc/arm-atollic-eabi/6.3.1/../../../../arm-atollic-eabi/lib/armv7-m/libc_nano.a(lib_a-mlock.o)
                0x0000000008001bc6                __malloc_unlock
 .text.sscanf   0x0000000008001bc8       0x54 /opt/Atollic_TrueSTUDIO_for_STM32_x86_64_9.2.0/ARMTools/bin/../lib/gcc/arm-atollic-eabi/6.3.1/../../../../arm-atollic-eabi/lib/armv7-m/libc_nano.a(lib_a-sscanf.o)
                0x0000000008001bc8                sscanf
                0x0000000008001bc8                siscanf
 .text.__seofread
                0x0000000008001c1c        0x4 /opt/Atollic_TrueSTUDIO_for_STM32_x86_64_9.2.0/ARMTools/bin/../lib/gcc/arm-atollic-eabi/6.3.1/../../../../arm-atollic-eabi/lib/armv7-m/libc_nano.a(lib_a-stdio.o)
                0x0000000008001c1c                __seofread
 .text.strncmp  0x0000000008001c20       0x24 /opt/Atollic_TrueSTUDIO_for_STM32_x86_64_9.2.0/ARMTools/bin/../lib/gcc/arm-atollic-eabi/6.3.1/../../../../arm-atollic-eabi/lib/armv7-m/libc_nano.a(lib_a-strncmp.o)
                0x0000000008001c20                strncmp
 .text._strtoul_l.isra.0
                0x0000000008001c44       0xfa /opt/Atollic_TrueSTUDIO_for_STM32_x86_64_9.2.0/ARMTools/bin/../lib/gcc/arm-atollic-eabi/6.3.1/../../../../arm-atollic-eabi/lib/armv7-m/libc_nano.a(lib_a-strtoul.o)
 *fill*         0x0000000008001d3e        0x2 
 .text._strtoul_r
                0x0000000008001d40       0x24 /opt/Atollic_TrueSTUDIO_for_STM32_x86_64_9.2.0/ARMTools/bin/../lib/gcc/arm-atollic-eabi/6.3.1/../../../../arm-atollic-eabi/lib/armv7-m/libc_nano.a(lib_a-strtoul.o)
                0x0000000008001d40                _strtoul_r
 .text.strtoul  0x0000000008001d64       0x2c /opt/Atollic_TrueSTUDIO_for_STM32_x86_64_9.2.0/ARMTools/bin/../lib/gcc/arm-atollic-eabi/6.3.1/../../../../arm-atollic-eabi/lib/armv7-m/libc_nano.a(lib_a-strtoul.o)
                0x0000000008001d64                strtoul
 .text.__env_lock
                0x0000000008001d90        0x2 /opt/Atollic_TrueSTUDIO_for_STM32_x86_64_9.2.0/ARMTools/bin/../lib/gcc/arm-atollic-eabi/6.3.1/../../../../arm-atollic-eabi/lib/armv7-m/libc_nano.a(lib_a-envlock.o)
                0x0000000008001d90                __env_lock
 .text.__env_unlock
                0x0000000008001d92        0x2 /opt/Atollic_TrueSTUDIO_for_STM32_x86_64_9.2.0/ARMTools/bin/../lib/gcc/arm-atollic-eabi/6.3.1/../../../../arm-atollic-eabi/lib/armv7-m/libc_nano.a(lib_a-envlock.o)
                0x0000000008001d92                __env_unlock
 .text.__locale_ctype_ptr_l
                0x0000000008001d94        0x6 /opt/Atollic_TrueSTUDIO_for_STM32_x86_64_9.2.0/ARMTools/bin/../lib/gcc/arm-atollic-eabi/6.3.1/../../../../arm-atollic-eabi/lib/armv7-m/libc_nano.a(lib_a-locale.o)
                0x0000000008001d94                __locale_ctype_ptr_l
 *fill*         0x0000000008001d9a        0x2 
 .text.__locale_ctype_ptr
                0x0000000008001d9c       0x1c /opt/Atollic_TrueSTUDIO_for_STM32_x86_64_9.2.0/ARMTools/bin/../lib/gcc/arm-atollic-eabi/6.3.1/../../../../arm-atollic-eabi/lib/armv7-m/libc_nano.a(lib_a-locale.o)
                0x0000000008001d9c                __locale_ctype_ptr
 .text.__ascii_mbtowc
                0x0000000008001db8       0x24 /opt/Atollic_TrueSTUDIO_for_STM32_x86_64_9.2.0/ARMTools/bin/../lib/gcc/arm-atollic-eabi/6.3.1/../../../../arm-atollic-eabi/lib/armv7-m/libc_nano.a(lib_a-mbtowc_r.o)
                0x0000000008001db8                __ascii_mbtowc
 .text._sungetc_r
                0x0000000008001ddc       0x7a /opt/Atollic_TrueSTUDIO_for_STM32_x86_64_9.2.0/ARMTools/bin/../lib/gcc/arm-atollic-eabi/6.3.1/../../../../arm-atollic-eabi/lib/armv7-m/libc_nano.a(lib_a-nano-svfscanf.o)
                0x0000000008001ddc                _sungetc_r
 .text.__ssrefill_r
                0x0000000008001e56       0x3a /opt/Atollic_TrueSTUDIO_for_STM32_x86_64_9.2.0/ARMTools/bin/../lib/gcc/arm-atollic-eabi/6.3.1/../../../../arm-atollic-eabi/lib/armv7-m/libc_nano.a(lib_a-nano-svfscanf.o)
                0x0000000008001e56                __ssrefill_r
 .text.__ssvfscanf_r
                0x0000000008001e90      0x2a8 /opt/Atollic_TrueSTUDIO_for_STM32_x86_64_9.2.0/ARMTools/bin/../lib/gcc/arm-atollic-eabi/6.3.1/../../../../arm-atollic-eabi/lib/armv7-m/libc_nano.a(lib_a-nano-svfscanf.o)
                0x0000000008001e90                __ssvfscanf_r
                0x0000000008001e90                __ssvfiscanf_r
 .text._scanf_chars
                0x0000000008002138       0xc6 /opt/Atollic_TrueSTUDIO_for_STM32_x86_64_9.2.0/ARMTools/bin/../lib/gcc/arm-atollic-eabi/6.3.1/../../../../arm-atollic-eabi/lib/armv7-m/libc_nano.a(lib_a-nano-vfscanf_i.o)
                0x0000000008002138                _scanf_chars
 *fill*         0x00000000080021fe        0x2 
 .text._scanf_i
                0x0000000008002200      0x1ec /opt/Atollic_TrueSTUDIO_for_STM32_x86_64_9.2.0/ARMTools/bin/../lib/gcc/arm-atollic-eabi/6.3.1/../../../../arm-atollic-eabi/lib/armv7-m/libc_nano.a(lib_a-nano-vfscanf_i.o)
                0x0000000008002200                _scanf_i
 .text.__sccl   0x00000000080023ec       0x5e /opt/Atollic_TrueSTUDIO_for_STM32_x86_64_9.2.0/ARMTools/bin/../lib/gcc/arm-atollic-eabi/6.3.1/../../../../arm-atollic-eabi/lib/armv7-m/libc_nano.a(lib_a-sccl.o)
                0x00000000080023ec                __sccl
 .text._strtol_l.isra.0
                0x000000000800244a      0x100 /opt/Atollic_TrueSTUDIO_for_STM32_x86_64_9.2.0/ARMTools/bin/../lib/gcc/arm-atollic-eabi/6.3.1/../../../../arm-atollic-eabi/lib/armv7-m/libc_nano.a(lib_a-strtol.o)
 *fill*         0x000000000800254a        0x2 
 .text._strtol_r
                0x000000000800254c       0x24 /opt/Atollic_TrueSTUDIO_for_STM32_x86_64_9.2.0/ARMTools/bin/../lib/gcc/arm-atollic-eabi/6.3.1/../../../../arm-atollic-eabi/lib/armv7-m/libc_nano.a(lib_a-strtol.o)
                0x000000000800254c                _strtol_r
 .text.__submore
                0x0000000008002570       0x72 /opt/Atollic_TrueSTUDIO_for_STM32_x86_64_9.2.0/ARMTools/bin/../lib/gcc/arm-atollic-eabi/6.3.1/../../../../arm-atollic-eabi/lib/armv7-m/libc_nano.a(lib_a-ungetc.o)
                0x0000000008002570                __submore
 .text.__ascii_wctomb
                0x00000000080025e2       0x1a /opt/Atollic_TrueSTUDIO_for_STM32_x86_64_9.2.0/ARMTools/bin/../lib/gcc/arm-atollic-eabi/6.3.1/../../../../arm-atollic-eabi/lib/armv7-m/libc_nano.a(lib_a-wctomb_r.o)
                0x00000000080025e2                __ascii_wctomb
 .text.memchr   0x00000000080025fc       0x1c /opt/Atollic_TrueSTUDIO_for_STM32_x86_64_9.2.0/ARMTools/bin/../lib/gcc/arm-atollic-eabi/6.3.1/../../../../arm-atollic-eabi/lib/armv7-m/libc_nano.a(lib_a-memchr-stub.o)
                0x00000000080025fc                memchr
 .text._realloc_r
                0x0000000008002618       0x4c /opt/Atollic_TrueSTUDIO_for_STM32_x86_64_9.2.0/ARMTools/bin/../lib/gcc/arm-atollic-eabi/6.3.1/../../../../arm-atollic-eabi/lib/armv7-m/libc_nano.a(lib_a-nano-reallocr.o)
                0x0000000008002618                _realloc_r
 .text._malloc_usable_size_r
                0x0000000008002664       0x12 /opt/Atollic_TrueSTUDIO_for_STM32_x86_64_9.2.0/ARMTools/bin/../lib/gcc/arm-atollic-eabi/6.3.1/../../../../arm-atollic-eabi/lib/armv7-m/libc_nano.a(lib_a-nano-msizer.o)
                0x0000000008002664                _malloc_usable_size_r
 *fill*         0x0000000008002676        0x2 
 .text._sbrk    0x0000000008002678       0x1c /opt/Atollic_TrueSTUDIO_for_STM32_x86_64_9.2.0/ARMTools/bin/../lib/gcc/arm-atollic-eabi/6.3.1/../../../../arm-atollic-eabi/lib/armv7-m/libnosys.a(sbrk.o)
                0x0000000008002678                _sbrk
 *(.glue_7)
 .glue_7        0x0000000008002694        0x0 linker stubs
 *(.glue_7t)
 .glue_7t       0x0000000008002694        0x0 linker stubs
 *(.eh_frame)
 .eh_frame      0x0000000008002694        0x0 /opt/Atollic_TrueSTUDIO_for_STM32_x86_64_9.2.0/ARMTools/bin/../lib/gcc/arm-atollic-eabi/6.3.1/armv7-m/crtbegin.o
 *(.init)
 .init          0x0000000008002694        0x4 /opt/Atollic_TrueSTUDIO_for_STM32_x86_64_9.2.0/ARMTools/bin/../lib/gcc/arm-atollic-eabi/6.3.1/armv7-m/crti.o
                0x0000000008002694                _init
 .init          0x0000000008002698        0x8 /opt/Atollic_TrueSTUDIO_for_STM32_x86_64_9.2.0/ARMTools/bin/../lib/gcc/arm-atollic-eabi/6.3.1/armv7-m/crtn.o
 *(.fini)
 .fini          0x00000000080026a0        0x4 /opt/Atollic_TrueSTUDIO_for_STM32_x86_64_9.2.0/ARMTools/bin/../lib/gcc/arm-atollic-eabi/6.3.1/armv7-m/crti.o
                0x00000000080026a0                _fini
 .fini          0x00000000080026a4        0x8 /opt/Atollic_TrueSTUDIO_for_STM32_x86_64_9.2.0/ARMTools/bin/../lib/gcc/arm-atollic-eabi/6.3.1/armv7-m/crtn.o
                0x00000000080026ac                . = ALIGN (0x4)
                0x00000000080026ac                _etext = .

.vfp11_veneer   0x00000000080026ac        0x0
 .vfp11_veneer  0x00000000080026ac        0x0 linker stubs

.v4_bx          0x00000000080026ac        0x0
 .v4_bx         0x00000000080026ac        0x0 linker stubs

.iplt           0x00000000080026ac        0x0
 .iplt          0x00000000080026ac        0x0 /opt/Atollic_TrueSTUDIO_for_STM32_x86_64_9.2.0/ARMTools/bin/../lib/gcc/arm-atollic-eabi/6.3.1/armv7-m/crtbegin.o

.rodata         0x00000000080026ac      0x234
                0x00000000080026ac                . = ALIGN (0x4)
 *(.rodata)
 .rodata        0x00000000080026ac        0xc /opt/Atollic_TrueSTUDIO_for_STM32_x86_64_9.2.0/ARMTools/bin/../lib/gcc/arm-atollic-eabi/6.3.1/../../../../arm-atollic-eabi/lib/armv7-m/libc_nano.a(lib_a-nano-vfscanf_i.o)
 *(.rodata*)
 .rodata.__month_lengths
                0x00000000080026b8       0x60 /opt/Atollic_TrueSTUDIO_for_STM32_x86_64_9.2.0/ARMTools/bin/../lib/gcc/arm-atollic-eabi/6.3.1/../../../../arm-atollic-eabi/lib/armv7-m/libc_nano.a(lib_a-month_lengths.o)
                0x00000000080026b8                __month_lengths
 .rodata._tzset_unlocked_r.str1.1
                0x0000000008002718       0x3c /opt/Atollic_TrueSTUDIO_for_STM32_x86_64_9.2.0/ARMTools/bin/../lib/gcc/arm-atollic-eabi/6.3.1/../../../../arm-atollic-eabi/lib/armv7-m/libc_nano.a(lib_a-tzset_r.o)
                                         0x4e (size before relaxing)
 .rodata.str1.1
                0x0000000008002754        0x4 /opt/Atollic_TrueSTUDIO_for_STM32_x86_64_9.2.0/ARMTools/bin/../lib/gcc/arm-atollic-eabi/6.3.1/../../../../arm-atollic-eabi/lib/armv7-m/libc_nano.a(lib_a-tzvars.o)
 .rodata._setlocale_r.str1.1
                0x0000000008002754        0x8 /opt/Atollic_TrueSTUDIO_for_STM32_x86_64_9.2.0/ARMTools/bin/../lib/gcc/arm-atollic-eabi/6.3.1/../../../../arm-atollic-eabi/lib/armv7-m/libc_nano.a(lib_a-locale.o)
                                          0x9 (size before relaxing)
 .rodata.str1.1
                0x000000000800275c        0x2 /opt/Atollic_TrueSTUDIO_for_STM32_x86_64_9.2.0/ARMTools/bin/../lib/gcc/arm-atollic-eabi/6.3.1/../../../../arm-atollic-eabi/lib/armv7-m/libc_nano.a(lib_a-locale.o)
 .rodata.__ssvfscanf_r.str1.1
                0x000000000800275e        0x4 /opt/Atollic_TrueSTUDIO_for_STM32_x86_64_9.2.0/ARMTools/bin/../lib/gcc/arm-atollic-eabi/6.3.1/../../../../arm-atollic-eabi/lib/armv7-m/libc_nano.a(lib_a-nano-svfscanf.o)
 .rodata._scanf_i.str1.1
                0x0000000008002762       0x12 /opt/Atollic_TrueSTUDIO_for_STM32_x86_64_9.2.0/ARMTools/bin/../lib/gcc/arm-atollic-eabi/6.3.1/../../../../arm-atollic-eabi/lib/armv7-m/libc_nano.a(lib_a-nano-vfscanf_i.o)
 .rodata.str1.1
                0x0000000008002774        0x9 /opt/Atollic_TrueSTUDIO_for_STM32_x86_64_9.2.0/ARMTools/bin/../lib/gcc/arm-atollic-eabi/6.3.1/../../../../arm-atollic-eabi/lib/armv7-m/libc_nano.a(lib_a-nano-vfscanf_i.o)
 .rodata._ctype_
                0x000000000800277d      0x101 /opt/Atollic_TrueSTUDIO_for_STM32_x86_64_9.2.0/ARMTools/bin/../lib/gcc/arm-atollic-eabi/6.3.1/../../../../arm-atollic-eabi/lib/armv7-m/libc_nano.a(lib_a-ctype_.o)
                0x000000000800277d                _ctype_
 *fill*         0x000000000800287e        0x2 
 .rodata.__sf_fake_stderr
                0x0000000008002880       0x20 /opt/Atollic_TrueSTUDIO_for_STM32_x86_64_9.2.0/ARMTools/bin/../lib/gcc/arm-atollic-eabi/6.3.1/../../../../arm-atollic-eabi/lib/armv7-m/libc_nano.a(lib_a-findfp.o)
                0x0000000008002880                __sf_fake_stderr
 .rodata.__sf_fake_stdin
                0x00000000080028a0       0x20 /opt/Atollic_TrueSTUDIO_for_STM32_x86_64_9.2.0/ARMTools/bin/../lib/gcc/arm-atollic-eabi/6.3.1/../../../../arm-atollic-eabi/lib/armv7-m/libc_nano.a(lib_a-findfp.o)
                0x00000000080028a0                __sf_fake_stdin
 .rodata.__sf_fake_stdout
                0x00000000080028c0       0x20 /opt/Atollic_TrueSTUDIO_for_STM32_x86_64_9.2.0/ARMTools/bin/../lib/gcc/arm-atollic-eabi/6.3.1/../../../../arm-atollic-eabi/lib/armv7-m/libc_nano.a(lib_a-findfp.o)
                0x00000000080028c0                __sf_fake_stdout
                0x00000000080028e0                . = ALIGN (0x4)

.rel.dyn        0x00000000080028e0        0x0
 .rel.iplt      0x00000000080028e0        0x0 /opt/Atollic_TrueSTUDIO_for_STM32_x86_64_9.2.0/ARMTools/bin/../lib/gcc/arm-atollic-eabi/6.3.1/armv7-m/crtbegin.o

.ARM.extab
 *(.ARM.extab* .gnu.linkonce.armextab.*)

.ARM            0x00000000080028e0        0x0
                0x00000000080028e0                __exidx_start = .
 *(.ARM.exidx*)
                0x00000000080028e0                __exidx_end = .

.preinit_array  0x00000000080028e0        0x0
                0x00000000080028e0                PROVIDE (__preinit_array_start, .)
 *(.preinit_array*)
                0x00000000080028e0                PROVIDE (__preinit_array_end, .)

.init_array     0x00000000080028e0        0x4
                0x00000000080028e0                PROVIDE (__init_array_start, .)
 *(SORT(.init_array.*))
 *(.init_array*)
 .init_array    0x00000000080028e0        0x4 /opt/Atollic_TrueSTUDIO_for_STM32_x86_64_9.2.0/ARMTools/bin/../lib/gcc/arm-atollic-eabi/6.3.1/armv7-m/crtbegin.o
                0x00000000080028e4                PROVIDE (__init_array_end, .)

.fini_array     0x00000000080028e4        0x4
                [!provide]                        PROVIDE (__fini_array_start, .)
 *(SORT(.fini_array.*))
 *(.fini_array*)
 .fini_array    0x00000000080028e4        0x4 /opt/Atollic_TrueSTUDIO_for_STM32_x86_64_9.2.0/ARMTools/bin/../lib/gcc/arm-atollic-eabi/6.3.1/armv7-m/crtbegin.o
                [!provide]                        PROVIDE (__fini_array_end, .)
                0x00000000080028e8                _sidata = LOADADDR (.data)

.data           0x0000000020000000      0x21c load address 0x00000000080028e8
                0x0000000020000000                . = ALIGN (0x4)
                0x0000000020000000                _sdata = .
 *(.data)
 *(.data*)
 .data._tzname  0x0000000020000000        0x8 /opt/Atollic_TrueSTUDIO_for_STM32_x86_64_9.2.0/ARMTools/bin/../lib/gcc/arm-atollic-eabi/6.3.1/../../../../arm-atollic-eabi/lib/armv7-m/libc_nano.a(lib_a-tzvars.o)
                0x0000000020000000                _tzname
 .data.tzinfo   0x0000000020000008       0x40 /opt/Atollic_TrueSTUDIO_for_STM32_x86_64_9.2.0/ARMTools/bin/../lib/gcc/arm-atollic-eabi/6.3.1/../../../../arm-atollic-eabi/lib/armv7-m/libc_nano.a(lib_a-gettzinfo.o)
 .data._impure_ptr
                0x0000000020000048        0x4 /opt/Atollic_TrueSTUDIO_for_STM32_x86_64_9.2.0/ARMTools/bin/../lib/gcc/arm-atollic-eabi/6.3.1/../../../../arm-atollic-eabi/lib/armv7-m/libc_nano.a(lib_a-impure.o)
                0x0000000020000048                _impure_ptr
 .data.impure_data
                0x000000002000004c       0x60 /opt/Atollic_TrueSTUDIO_for_STM32_x86_64_9.2.0/ARMTools/bin/../lib/gcc/arm-atollic-eabi/6.3.1/../../../../arm-atollic-eabi/lib/armv7-m/libc_nano.a(lib_a-impure.o)
 .data.environ  0x00000000200000ac        0x4 /opt/Atollic_TrueSTUDIO_for_STM32_x86_64_9.2.0/ARMTools/bin/../lib/gcc/arm-atollic-eabi/6.3.1/../../../../arm-atollic-eabi/lib/armv7-m/libc_nano.a(lib_a-environ.o)
                0x00000000200000ac                environ
 .data.__global_locale
                0x00000000200000b0      0x16c /opt/Atollic_TrueSTUDIO_for_STM32_x86_64_9.2.0/ARMTools/bin/../lib/gcc/arm-atollic-eabi/6.3.1/../../../../arm-atollic-eabi/lib/armv7-m/libc_nano.a(lib_a-locale.o)
                0x00000000200000b0                __global_locale
                0x000000002000021c                . = ALIGN (0x4)
                0x000000002000021c                _edata = .

.igot.plt       0x000000002000021c        0x0 load address 0x0000000008002b04
 .igot.plt      0x000000002000021c        0x0 /opt/Atollic_TrueSTUDIO_for_STM32_x86_64_9.2.0/ARMTools/bin/../lib/gcc/arm-atollic-eabi/6.3.1/armv7-m/crtbegin.o
                0x000000002000021c                . = ALIGN (0x4)

.bss            0x000000002000021c      0x3b0 load address 0x0000000008002b04
                0x000000002000021c                _sbss = .
                0x000000002000021c                __bss_start__ = _sbss
 *(.bss)
 .bss           0x000000002000021c       0x1c /opt/Atollic_TrueSTUDIO_for_STM32_x86_64_9.2.0/ARMTools/bin/../lib/gcc/arm-atollic-eabi/6.3.1/armv7-m/crtbegin.o
 *(.bss*)
 .bss.ram       0x0000000020000238        0x4 Libraries/lwip-1.3.1/src/core/mem.o
 .bss.ram_end   0x000000002000023c        0x4 Libraries/lwip-1.3.1/src/core/mem.o
 .bss.lfree     0x0000000020000240        0x4 Libraries/lwip-1.3.1/src/core/mem.o
 .bss.memp_tab  0x0000000020000244       0x24 Libraries/lwip-1.3.1/src/core/memp.o
 .bss.arp_table
                0x0000000020000268       0xc8 Libraries/lwip-1.3.1/src/netif/etharp.o
 .bss.arp_timer.8530
                0x0000000020000330        0x4 src/ethernet.o
 .bss.errno     0x0000000020000334        0x4 src/updater.o
                0x0000000020000334                errno
 .bss.__malloc_free_list
                0x0000000020000338        0x4 /opt/Atollic_TrueSTUDIO_for_STM32_x86_64_9.2.0/ARMTools/bin/../lib/gcc/arm-atollic-eabi/6.3.1/../../../../arm-atollic-eabi/lib/armv7-m/libc_nano.a(lib_a-nano-mallocr.o)
                0x0000000020000338                __malloc_free_list
 .bss.__malloc_sbrk_start
                0x000000002000033c        0x4 /opt/Atollic_TrueSTUDIO_for_STM32_x86_64_9.2.0/ARMTools/bin/../lib/gcc/arm-atollic-eabi/6.3.1/../../../../arm-atollic-eabi/lib/armv7-m/libc_nano.a(lib_a-nano-mallocr.o)
                0x000000002000033c                __malloc_sbrk_start
 .bss.__tzname_dst
                0x0000000020000340        0xb /opt/Atollic_TrueSTUDIO_for_STM32_x86_64_9.2.0/ARMTools/bin/../lib/gcc/arm-atollic-eabi/6.3.1/../../../../arm-atollic-eabi/lib/armv7-m/libc_nano.a(lib_a-tzset_r.o)
 .bss.__tzname_std
                0x000000002000034b        0xb /opt/Atollic_TrueSTUDIO_for_STM32_x86_64_9.2.0/ARMTools/bin/../lib/gcc/arm-atollic-eabi/6.3.1/../../../../arm-atollic-eabi/lib/armv7-m/libc_nano.a(lib_a-tzset_r.o)
 *fill*         0x0000000020000356        0x2 
 .bss.prev_tzenv
                0x0000000020000358        0x4 /opt/Atollic_TrueSTUDIO_for_STM32_x86_64_9.2.0/ARMTools/bin/../lib/gcc/arm-atollic-eabi/6.3.1/../../../../arm-atollic-eabi/lib/armv7-m/libc_nano.a(lib_a-tzset_r.o)
 .bss._daylight
                0x000000002000035c        0x4 /opt/Atollic_TrueSTUDIO_for_STM32_x86_64_9.2.0/ARMTools/bin/../lib/gcc/arm-atollic-eabi/6.3.1/../../../../arm-atollic-eabi/lib/armv7-m/libc_nano.a(lib_a-tzvars.o)
                0x000000002000035c                _daylight
 .bss._timezone
                0x0000000020000360        0x4 /opt/Atollic_TrueSTUDIO_for_STM32_x86_64_9.2.0/ARMTools/bin/../lib/gcc/arm-atollic-eabi/6.3.1/../../../../arm-atollic-eabi/lib/armv7-m/libc_nano.a(lib_a-tzvars.o)
                0x0000000020000360                _timezone
 .bss.initial_env
                0x0000000020000364        0x4 /opt/Atollic_TrueSTUDIO_for_STM32_x86_64_9.2.0/ARMTools/bin/../lib/gcc/arm-atollic-eabi/6.3.1/../../../../arm-atollic-eabi/lib/armv7-m/libc_nano.a(lib_a-environ.o)
 .bss.heap_end.4116
                0x0000000020000368        0x4 /opt/Atollic_TrueSTUDIO_for_STM32_x86_64_9.2.0/ARMTools/bin/../lib/gcc/arm-atollic-eabi/6.3.1/../../../../arm-atollic-eabi/lib/armv7-m/libnosys.a(sbrk.o)
 *(COMMON)
 COMMON         0x000000002000036c       0x10 Libraries/STM32_ETH_Driver/src/stm32_eth.o
                0x000000002000036c                DMAPTPRxDescToGet
                0x0000000020000370                DMARxDescToGet
                0x0000000020000374                DMATxDescToSet
                0x0000000020000378                DMAPTPTxDescToSet
 COMMON         0x000000002000037c        0x4 Libraries/premain/premain.o
                0x000000002000037c                systemCoreClock
 COMMON         0x0000000020000380      0x24b src/ethernet.o
                0x0000000020000380                netif
                0x00000000200003b4                rx_upd_buff
                0x00000000200005b4                p_tx
                0x00000000200005b8                rx_buff
                0x00000000200005bc                upcb_upd
                0x00000000200005c0                upcb_tx
                0x00000000200005c4                p_upd_tx
                0x00000000200005c8                tx_buf
                0x00000000200005cc                . = ALIGN (0x4)
 *fill*         0x00000000200005cb        0x1 
                0x00000000200005cc                _ebss = .
                0x00000000200005cc                __bss_end__ = _ebss

._user_heap_stack
                0x00000000200005cc      0x200 load address 0x0000000008002b04
                0x00000000200005cc                . = ALIGN (0x4)
                0x00000000200005cc                PROVIDE (end, .)
                [!provide]                        PROVIDE (_end, .)
                0x00000000200005cc                . = (. + _Min_Heap_Size)
                0x00000000200007cc                . = (. + _Min_Stack_Size)
 *fill*         0x00000000200005cc      0x200 
                0x00000000200007cc                . = ALIGN (0x4)

.memory_b1_text
 *(.mb1text)
 *(.mb1text*)
 *(.mb1rodata)
 *(.mb1rodata*)

/DISCARD/
 libc.a(*)
 libm.a(*)
 libgcc.a(*)

.ARM.attributes
                0x0000000000000000       0x29
 *(.ARM.attributes)
 .ARM.attributes
                0x0000000000000000       0x1d /opt/Atollic_TrueSTUDIO_for_STM32_x86_64_9.2.0/ARMTools/bin/../lib/gcc/arm-atollic-eabi/6.3.1/armv7-m/crti.o
 .ARM.attributes
                0x000000000000001d       0x2d /opt/Atollic_TrueSTUDIO_for_STM32_x86_64_9.2.0/ARMTools/bin/../lib/gcc/arm-atollic-eabi/6.3.1/armv7-m/crtbegin.o
 .ARM.attributes
                0x000000000000004a       0x33 Libraries/STM32_ETH_Driver/src/stm32_eth.o
 .ARM.attributes
                0x000000000000007d       0x33 Libraries/lwip-1.3.1/port/ethernetif.o
 .ARM.attributes
                0x00000000000000b0       0x33 Libraries/lwip-1.3.1/src/core/mem.o
 .ARM.attributes
                0x00000000000000e3       0x33 Libraries/lwip-1.3.1/src/core/memp.o
 .ARM.attributes
                0x0000000000000116       0x33 Libraries/lwip-1.3.1/src/core/pbuf.o
 .ARM.attributes
                0x0000000000000149       0x33 Libraries/lwip-1.3.1/src/netif/etharp.o
 .ARM.attributes
                0x000000000000017c       0x33 Libraries/premain/premain.o
 .ARM.attributes
                0x00000000000001af       0x33 src/ethernet.o
 .ARM.attributes
                0x00000000000001e2       0x33 src/main.o
 .ARM.attributes
                0x0000000000000215       0x21 src/startup_stm32f10x_cl.o
 .ARM.attributes
                0x0000000000000236       0x33 src/stm32f1xx_it.o
 .ARM.attributes
                0x0000000000000269       0x33 src/sys_init.o
 .ARM.attributes
                0x000000000000029c       0x33 src/system_stm32f10x.o
 .ARM.attributes
                0x00000000000002cf       0x33 src/updater.o
 .ARM.attributes
                0x0000000000000302       0x2d /opt/Atollic_TrueSTUDIO_for_STM32_x86_64_9.2.0/ARMTools/bin/../lib/gcc/arm-atollic-eabi/6.3.1/../../../../arm-atollic-eabi/lib/armv7-m/libc_nano.a(lib_a-init.o)
 .ARM.attributes
                0x000000000000032f       0x2d /opt/Atollic_TrueSTUDIO_for_STM32_x86_64_9.2.0/ARMTools/bin/../lib/gcc/arm-atollic-eabi/6.3.1/../../../../arm-atollic-eabi/lib/armv7-m/libc_nano.a(lib_a-lcltime.o)
 .ARM.attributes
                0x000000000000035c       0x2d /opt/Atollic_TrueSTUDIO_for_STM32_x86_64_9.2.0/ARMTools/bin/../lib/gcc/arm-atollic-eabi/6.3.1/../../../../arm-atollic-eabi/lib/armv7-m/libc_nano.a(lib_a-lcltime_r.o)
 .ARM.attributes
                0x0000000000000389       0x2d /opt/Atollic_TrueSTUDIO_for_STM32_x86_64_9.2.0/ARMTools/bin/../lib/gcc/arm-atollic-eabi/6.3.1/../../../../arm-atollic-eabi/lib/armv7-m/libc_nano.a(lib_a-malloc.o)
 .ARM.attributes
                0x00000000000003b6       0x2d /opt/Atollic_TrueSTUDIO_for_STM32_x86_64_9.2.0/ARMTools/bin/../lib/gcc/arm-atollic-eabi/6.3.1/../../../../arm-atollic-eabi/lib/armv7-m/libc_nano.a(lib_a-memcpy-stub.o)
 .ARM.attributes
                0x00000000000003e3       0x2d /opt/Atollic_TrueSTUDIO_for_STM32_x86_64_9.2.0/ARMTools/bin/../lib/gcc/arm-atollic-eabi/6.3.1/../../../../arm-atollic-eabi/lib/armv7-m/libc_nano.a(lib_a-month_lengths.o)
 .ARM.attributes
                0x0000000000000410       0x2d /opt/Atollic_TrueSTUDIO_for_STM32_x86_64_9.2.0/ARMTools/bin/../lib/gcc/arm-atollic-eabi/6.3.1/../../../../arm-atollic-eabi/lib/armv7-m/libc_nano.a(lib_a-nano-freer.o)
 .ARM.attributes
                0x000000000000043d       0x2d /opt/Atollic_TrueSTUDIO_for_STM32_x86_64_9.2.0/ARMTools/bin/../lib/gcc/arm-atollic-eabi/6.3.1/../../../../arm-atollic-eabi/lib/armv7-m/libc_nano.a(lib_a-nano-mallocr.o)
 .ARM.attributes
                0x000000000000046a       0x2d /opt/Atollic_TrueSTUDIO_for_STM32_x86_64_9.2.0/ARMTools/bin/../lib/gcc/arm-atollic-eabi/6.3.1/../../../../arm-atollic-eabi/lib/armv7-m/libc_nano.a(lib_a-sbrkr.o)
 .ARM.attributes
                0x0000000000000497       0x2d /opt/Atollic_TrueSTUDIO_for_STM32_x86_64_9.2.0/ARMTools/bin/../lib/gcc/arm-atollic-eabi/6.3.1/../../../../arm-atollic-eabi/lib/armv7-m/libc_nano.a(lib_a-strcpy.o)
 .ARM.attributes
                0x00000000000004c4       0x17 /opt/Atollic_TrueSTUDIO_for_STM32_x86_64_9.2.0/ARMTools/bin/../lib/gcc/arm-atollic-eabi/6.3.1/../../../../arm-atollic-eabi/lib/armv7-m/libc_nano.a(lib_a-strlen.o)
 .ARM.attributes
                0x00000000000004db       0x2d /opt/Atollic_TrueSTUDIO_for_STM32_x86_64_9.2.0/ARMTools/bin/../lib/gcc/arm-atollic-eabi/6.3.1/../../../../arm-atollic-eabi/lib/armv7-m/libc_nano.a(lib_a-tzcalc_limits.o)
 .ARM.attributes
                0x0000000000000508       0x2d /opt/Atollic_TrueSTUDIO_for_STM32_x86_64_9.2.0/ARMTools/bin/../lib/gcc/arm-atollic-eabi/6.3.1/../../../../arm-atollic-eabi/lib/armv7-m/libc_nano.a(lib_a-tzlock.o)
 .ARM.attributes
                0x0000000000000535       0x2d /opt/Atollic_TrueSTUDIO_for_STM32_x86_64_9.2.0/ARMTools/bin/../lib/gcc/arm-atollic-eabi/6.3.1/../../../../arm-atollic-eabi/lib/armv7-m/libc_nano.a(lib_a-tzset.o)
 .ARM.attributes
                0x0000000000000562       0x2d /opt/Atollic_TrueSTUDIO_for_STM32_x86_64_9.2.0/ARMTools/bin/../lib/gcc/arm-atollic-eabi/6.3.1/../../../../arm-atollic-eabi/lib/armv7-m/libc_nano.a(lib_a-tzset_r.o)
 .ARM.attributes
                0x000000000000058f       0x2d /opt/Atollic_TrueSTUDIO_for_STM32_x86_64_9.2.0/ARMTools/bin/../lib/gcc/arm-atollic-eabi/6.3.1/../../../../arm-atollic-eabi/lib/armv7-m/libc_nano.a(lib_a-tzvars.o)
 .ARM.attributes
                0x00000000000005bc       0x2d /opt/Atollic_TrueSTUDIO_for_STM32_x86_64_9.2.0/ARMTools/bin/../lib/gcc/arm-atollic-eabi/6.3.1/../../../../arm-atollic-eabi/lib/armv7-m/libc_nano.a(lib_a-getenv_r.o)
 .ARM.attributes
                0x00000000000005e9       0x2d /opt/Atollic_TrueSTUDIO_for_STM32_x86_64_9.2.0/ARMTools/bin/../lib/gcc/arm-atollic-eabi/6.3.1/../../../../arm-atollic-eabi/lib/armv7-m/libc_nano.a(lib_a-gettzinfo.o)
 .ARM.attributes
                0x0000000000000616       0x2d /opt/Atollic_TrueSTUDIO_for_STM32_x86_64_9.2.0/ARMTools/bin/../lib/gcc/arm-atollic-eabi/6.3.1/../../../../arm-atollic-eabi/lib/armv7-m/libc_nano.a(lib_a-gmtime_r.o)
 .ARM.attributes
                0x0000000000000643       0x2d /opt/Atollic_TrueSTUDIO_for_STM32_x86_64_9.2.0/ARMTools/bin/../lib/gcc/arm-atollic-eabi/6.3.1/../../../../arm-atollic-eabi/lib/armv7-m/libc_nano.a(lib_a-impure.o)
 .ARM.attributes
                0x0000000000000670       0x2d /opt/Atollic_TrueSTUDIO_for_STM32_x86_64_9.2.0/ARMTools/bin/../lib/gcc/arm-atollic-eabi/6.3.1/../../../../arm-atollic-eabi/lib/armv7-m/libc_nano.a(lib_a-mlock.o)
 .ARM.attributes
                0x000000000000069d       0x2d /opt/Atollic_TrueSTUDIO_for_STM32_x86_64_9.2.0/ARMTools/bin/../lib/gcc/arm-atollic-eabi/6.3.1/../../../../arm-atollic-eabi/lib/armv7-m/libc_nano.a(lib_a-sscanf.o)
 .ARM.attributes
                0x00000000000006ca       0x2d /opt/Atollic_TrueSTUDIO_for_STM32_x86_64_9.2.0/ARMTools/bin/../lib/gcc/arm-atollic-eabi/6.3.1/../../../../arm-atollic-eabi/lib/armv7-m/libc_nano.a(lib_a-stdio.o)
 .ARM.attributes
                0x00000000000006f7       0x1b /opt/Atollic_TrueSTUDIO_for_STM32_x86_64_9.2.0/ARMTools/bin/../lib/gcc/arm-atollic-eabi/6.3.1/../../../../arm-atollic-eabi/lib/armv7-m/libc_nano.a(lib_a-strcmp.o)
 .ARM.attributes
                0x0000000000000712       0x2d /opt/Atollic_TrueSTUDIO_for_STM32_x86_64_9.2.0/ARMTools/bin/../lib/gcc/arm-atollic-eabi/6.3.1/../../../../arm-atollic-eabi/lib/armv7-m/libc_nano.a(lib_a-strncmp.o)
 .ARM.attributes
                0x000000000000073f       0x2d /opt/Atollic_TrueSTUDIO_for_STM32_x86_64_9.2.0/ARMTools/bin/../lib/gcc/arm-atollic-eabi/6.3.1/../../../../arm-atollic-eabi/lib/armv7-m/libc_nano.a(lib_a-strtoul.o)
 .ARM.attributes
                0x000000000000076c       0x2d /opt/Atollic_TrueSTUDIO_for_STM32_x86_64_9.2.0/ARMTools/bin/../lib/gcc/arm-atollic-eabi/6.3.1/../../../../arm-atollic-eabi/lib/armv7-m/libc_nano.a(lib_a-environ.o)
 .ARM.attributes
                0x0000000000000799       0x2d /opt/Atollic_TrueSTUDIO_for_STM32_x86_64_9.2.0/ARMTools/bin/../lib/gcc/arm-atollic-eabi/6.3.1/../../../../arm-atollic-eabi/lib/armv7-m/libc_nano.a(lib_a-envlock.o)
 .ARM.attributes
                0x00000000000007c6       0x2d /opt/Atollic_TrueSTUDIO_for_STM32_x86_64_9.2.0/ARMTools/bin/../lib/gcc/arm-atollic-eabi/6.3.1/../../../../arm-atollic-eabi/lib/armv7-m/libc_nano.a(lib_a-locale.o)
 .ARM.attributes
                0x00000000000007f3       0x2d /opt/Atollic_TrueSTUDIO_for_STM32_x86_64_9.2.0/ARMTools/bin/../lib/gcc/arm-atollic-eabi/6.3.1/../../../../arm-atollic-eabi/lib/armv7-m/libc_nano.a(lib_a-mbtowc_r.o)
 .ARM.attributes
                0x0000000000000820       0x2d /opt/Atollic_TrueSTUDIO_for_STM32_x86_64_9.2.0/ARMTools/bin/../lib/gcc/arm-atollic-eabi/6.3.1/../../../../arm-atollic-eabi/lib/armv7-m/libc_nano.a(lib_a-nano-svfscanf.o)
 .ARM.attributes
                0x000000000000084d       0x2d /opt/Atollic_TrueSTUDIO_for_STM32_x86_64_9.2.0/ARMTools/bin/../lib/gcc/arm-atollic-eabi/6.3.1/../../../../arm-atollic-eabi/lib/armv7-m/libc_nano.a(lib_a-nano-vfscanf_i.o)
 .ARM.attributes
                0x000000000000087a       0x2d /opt/Atollic_TrueSTUDIO_for_STM32_x86_64_9.2.0/ARMTools/bin/../lib/gcc/arm-atollic-eabi/6.3.1/../../../../arm-atollic-eabi/lib/armv7-m/libc_nano.a(lib_a-sccl.o)
 .ARM.attributes
                0x00000000000008a7       0x2d /opt/Atollic_TrueSTUDIO_for_STM32_x86_64_9.2.0/ARMTools/bin/../lib/gcc/arm-atollic-eabi/6.3.1/../../../../arm-atollic-eabi/lib/armv7-m/libc_nano.a(lib_a-strtol.o)
 .ARM.attributes
                0x00000000000008d4       0x2d /opt/Atollic_TrueSTUDIO_for_STM32_x86_64_9.2.0/ARMTools/bin/../lib/gcc/arm-atollic-eabi/6.3.1/../../../../arm-atollic-eabi/lib/armv7-m/libc_nano.a(lib_a-ungetc.o)
 .ARM.attributes
                0x0000000000000901       0x2d /opt/Atollic_TrueSTUDIO_for_STM32_x86_64_9.2.0/ARMTools/bin/../lib/gcc/arm-atollic-eabi/6.3.1/../../../../arm-atollic-eabi/lib/armv7-m/libc_nano.a(lib_a-wctomb_r.o)
 .ARM.attributes
                0x000000000000092e       0x2d /opt/Atollic_TrueSTUDIO_for_STM32_x86_64_9.2.0/ARMTools/bin/../lib/gcc/arm-atollic-eabi/6.3.1/../../../../arm-atollic-eabi/lib/armv7-m/libc_nano.a(lib_a-ctype_.o)
 .ARM.attributes
                0x000000000000095b       0x2d /opt/Atollic_TrueSTUDIO_for_STM32_x86_64_9.2.0/ARMTools/bin/../lib/gcc/arm-atollic-eabi/6.3.1/../../../../arm-atollic-eabi/lib/armv7-m/libc_nano.a(lib_a-findfp.o)
 .ARM.attributes
                0x0000000000000988       0x2d /opt/Atollic_TrueSTUDIO_for_STM32_x86_64_9.2.0/ARMTools/bin/../lib/gcc/arm-atollic-eabi/6.3.1/../../../../arm-atollic-eabi/lib/armv7-m/libc_nano.a(lib_a-memchr-stub.o)
 .ARM.attributes
                0x00000000000009b5       0x2d /opt/Atollic_TrueSTUDIO_for_STM32_x86_64_9.2.0/ARMTools/bin/../lib/gcc/arm-atollic-eabi/6.3.1/../../../../arm-atollic-eabi/lib/armv7-m/libc_nano.a(lib_a-nano-reallocr.o)
 .ARM.attributes
                0x00000000000009e2       0x2d /opt/Atollic_TrueSTUDIO_for_STM32_x86_64_9.2.0/ARMTools/bin/../lib/gcc/arm-atollic-eabi/6.3.1/../../../../arm-atollic-eabi/lib/armv7-m/libc_nano.a(lib_a-nano-msizer.o)
 .ARM.attributes
                0x0000000000000a0f       0x2d /opt/Atollic_TrueSTUDIO_for_STM32_x86_64_9.2.0/ARMTools/bin/../lib/gcc/arm-atollic-eabi/6.3.1/../../../../arm-atollic-eabi/lib/armv7-m/libnosys.a(sbrk.o)
 .ARM.attributes
                0x0000000000000a3c       0x1d /opt/Atollic_TrueSTUDIO_for_STM32_x86_64_9.2.0/ARMTools/bin/../lib/gcc/arm-atollic-eabi/6.3.1/armv7-m/crtn.o
OUTPUT(updater_mcu.elf elf32-littlearm)

.debug_info     0x0000000000000000     0xa09b
 .debug_info    0x0000000000000000     0x1ba2 Libraries/STM32_ETH_Driver/src/stm32_eth.o
 .debug_info    0x0000000000001ba2     0x14d2 Libraries/lwip-1.3.1/port/ethernetif.o
 .debug_info    0x0000000000003074      0xb5c Libraries/lwip-1.3.1/src/core/mem.o
 .debug_info    0x0000000000003bd0     0x1304 Libraries/lwip-1.3.1/src/core/memp.o
 .debug_info    0x0000000000004ed4      0xe8e Libraries/lwip-1.3.1/src/core/pbuf.o
 .debug_info    0x0000000000005d62     0x16cb Libraries/lwip-1.3.1/src/netif/etharp.o
 .debug_info    0x000000000000742d      0x339 Libraries/premain/premain.o
 .debug_info    0x0000000000007766     0x1585 src/ethernet.o
 .debug_info    0x0000000000008ceb       0xe1 src/main.o
 .debug_info    0x0000000000008dcc       0x86 src/startup_stm32f10x_cl.o
 .debug_info    0x0000000000008e52      0x170 src/stm32f1xx_it.o
 .debug_info    0x0000000000008fc2      0x619 src/sys_init.o
 .debug_info    0x00000000000095db      0x4fd src/system_stm32f10x.o
 .debug_info    0x0000000000009ad8      0x5c3 src/updater.o

.debug_abbrev   0x0000000000000000     0x185f
 .debug_abbrev  0x0000000000000000      0x24a Libraries/STM32_ETH_Driver/src/stm32_eth.o
 .debug_abbrev  0x000000000000024a      0x2ee Libraries/lwip-1.3.1/port/ethernetif.o
 .debug_abbrev  0x0000000000000538      0x256 Libraries/lwip-1.3.1/src/core/mem.o
 .debug_abbrev  0x000000000000078e      0x240 Libraries/lwip-1.3.1/src/core/memp.o
 .debug_abbrev  0x00000000000009ce      0x26e Libraries/lwip-1.3.1/src/core/pbuf.o
 .debug_abbrev  0x0000000000000c3c      0x2aa Libraries/lwip-1.3.1/src/netif/etharp.o
 .debug_abbrev  0x0000000000000ee6      0x148 Libraries/premain/premain.o
 .debug_abbrev  0x000000000000102e      0x2a5 src/ethernet.o
 .debug_abbrev  0x00000000000012d3       0x8b src/main.o
 .debug_abbrev  0x000000000000135e       0x12 src/startup_stm32f10x_cl.o
 .debug_abbrev  0x0000000000001370       0x90 src/stm32f1xx_it.o
 .debug_abbrev  0x0000000000001400      0x15f src/sys_init.o
 .debug_abbrev  0x000000000000155f      0x16e src/system_stm32f10x.o
 .debug_abbrev  0x00000000000016cd      0x192 src/updater.o

.debug_aranges  0x0000000000000000      0x758
 .debug_aranges
                0x0000000000000000      0x338 Libraries/STM32_ETH_Driver/src/stm32_eth.o
 .debug_aranges
                0x0000000000000338       0x60 Libraries/lwip-1.3.1/port/ethernetif.o
 .debug_aranges
                0x0000000000000398       0x48 Libraries/lwip-1.3.1/src/core/mem.o
 .debug_aranges
                0x00000000000003e0       0x30 Libraries/lwip-1.3.1/src/core/memp.o
 .debug_aranges
                0x0000000000000410       0x80 Libraries/lwip-1.3.1/src/core/pbuf.o
 .debug_aranges
                0x0000000000000490       0x80 Libraries/lwip-1.3.1/src/netif/etharp.o
 .debug_aranges
                0x0000000000000510       0x50 Libraries/premain/premain.o
 .debug_aranges
                0x0000000000000560       0x88 src/ethernet.o
 .debug_aranges
                0x00000000000005e8       0x20 src/main.o
 .debug_aranges
                0x0000000000000608       0x28 src/startup_stm32f10x_cl.o
 .debug_aranges
                0x0000000000000630       0x68 src/stm32f1xx_it.o
 .debug_aranges
                0x0000000000000698       0x30 src/sys_init.o
 .debug_aranges
                0x00000000000006c8       0x38 src/system_stm32f10x.o
 .debug_aranges
                0x0000000000000700       0x58 src/updater.o

.debug_ranges   0x0000000000000000      0x680
 .debug_ranges  0x0000000000000000      0x328 Libraries/STM32_ETH_Driver/src/stm32_eth.o
 .debug_ranges  0x0000000000000328       0x50 Libraries/lwip-1.3.1/port/ethernetif.o
 .debug_ranges  0x0000000000000378       0x38 Libraries/lwip-1.3.1/src/core/mem.o
 .debug_ranges  0x00000000000003b0       0x20 Libraries/lwip-1.3.1/src/core/memp.o
 .debug_ranges  0x00000000000003d0       0x70 Libraries/lwip-1.3.1/src/core/pbuf.o
 .debug_ranges  0x0000000000000440       0x70 Libraries/lwip-1.3.1/src/netif/etharp.o
 .debug_ranges  0x00000000000004b0       0x40 Libraries/premain/premain.o
 .debug_ranges  0x00000000000004f0       0x78 src/ethernet.o
 .debug_ranges  0x0000000000000568       0x10 src/main.o
 .debug_ranges  0x0000000000000578       0x20 src/startup_stm32f10x_cl.o
 .debug_ranges  0x0000000000000598       0x58 src/stm32f1xx_it.o
 .debug_ranges  0x00000000000005f0       0x20 src/sys_init.o
 .debug_ranges  0x0000000000000610       0x28 src/system_stm32f10x.o
 .debug_ranges  0x0000000000000638       0x48 src/updater.o

.debug_line     0x0000000000000000     0x38a8
 .debug_line    0x0000000000000000      0xd04 Libraries/STM32_ETH_Driver/src/stm32_eth.o
 .debug_line    0x0000000000000d04      0x5be Libraries/lwip-1.3.1/port/ethernetif.o
 .debug_line    0x00000000000012c2      0x330 Libraries/lwip-1.3.1/src/core/mem.o
 .debug_line    0x00000000000015f2      0x39f Libraries/lwip-1.3.1/src/core/memp.o
 .debug_line    0x0000000000001991      0x4db Libraries/lwip-1.3.1/src/core/pbuf.o
 .debug_line    0x0000000000001e6c      0x5df Libraries/lwip-1.3.1/src/netif/etharp.o
 .debug_line    0x000000000000244b      0x274 Libraries/premain/premain.o
 .debug_line    0x00000000000026bf      0x636 src/ethernet.o
 .debug_line    0x0000000000002cf5      0x180 src/main.o
 .debug_line    0x0000000000002e75       0x7e src/startup_stm32f10x_cl.o
 .debug_line    0x0000000000002ef3      0x232 src/stm32f1xx_it.o
 .debug_line    0x0000000000003125      0x221 src/sys_init.o
 .debug_line    0x0000000000003346      0x244 src/system_stm32f10x.o
 .debug_line    0x000000000000358a      0x31e src/updater.o

.debug_str      0x0000000000000000     0x311f
 .debug_str     0x0000000000000000     0x14d3 Libraries/STM32_ETH_Driver/src/stm32_eth.o
                                       0x158b (size before relaxing)
 .debug_str     0x00000000000014d3      0x67b Libraries/lwip-1.3.1/port/ethernetif.o
                                        0xbcd (size before relaxing)
 .debug_str     0x0000000000001b4e       0xca Libraries/lwip-1.3.1/src/core/mem.o
                                        0x698 (size before relaxing)
 .debug_str     0x0000000000001c18      0x36b Libraries/lwip-1.3.1/src/core/memp.o
                                        0xa86 (size before relaxing)
 .debug_str     0x0000000000001f83      0x172 Libraries/lwip-1.3.1/src/core/pbuf.o
                                        0x864 (size before relaxing)
 .debug_str     0x00000000000020f5      0x416 Libraries/lwip-1.3.1/src/netif/etharp.o
                                        0xc1b (size before relaxing)
 .debug_str     0x000000000000250b      0x12a Libraries/premain/premain.o
                                        0x30d (size before relaxing)
 .debug_str     0x0000000000002635      0x73a src/ethernet.o
                                       0x12fe (size before relaxing)
 .debug_str     0x0000000000002d6f       0x19 src/main.o
                                        0x1d6 (size before relaxing)
 .debug_str     0x0000000000002d88       0xb5 src/stm32f1xx_it.o
                                        0x277 (size before relaxing)
 .debug_str     0x0000000000002e3d       0xf3 src/sys_init.o
                                        0x6ba (size before relaxing)
 .debug_str     0x0000000000002f30       0xc3 src/system_stm32f10x.o
                                        0x37b (size before relaxing)
 .debug_str     0x0000000000002ff3      0x12c src/updater.o
                                        0x3d0 (size before relaxing)

.comment        0x0000000000000000       0x7c
 .comment       0x0000000000000000       0x7c Libraries/STM32_ETH_Driver/src/stm32_eth.o
                                         0x7d (size before relaxing)
 .comment       0x000000000000007c       0x7d Libraries/lwip-1.3.1/port/ethernetif.o
 .comment       0x000000000000007c       0x7d Libraries/lwip-1.3.1/src/core/mem.o
 .comment       0x000000000000007c       0x7d Libraries/lwip-1.3.1/src/core/memp.o
 .comment       0x000000000000007c       0x7d Libraries/lwip-1.3.1/src/core/pbuf.o
 .comment       0x000000000000007c       0x7d Libraries/lwip-1.3.1/src/netif/etharp.o
 .comment       0x000000000000007c       0x7d Libraries/premain/premain.o
 .comment       0x000000000000007c       0x7d src/ethernet.o
 .comment       0x000000000000007c       0x7d src/main.o
 .comment       0x000000000000007c       0x7d src/stm32f1xx_it.o
 .comment       0x000000000000007c       0x7d src/sys_init.o
 .comment       0x000000000000007c       0x7d src/system_stm32f10x.o
 .comment       0x000000000000007c       0x7d src/updater.o

.debug_frame    0x0000000000000000     0x2614
 .debug_frame   0x0000000000000000      0xef0 Libraries/STM32_ETH_Driver/src/stm32_eth.o
 .debug_frame   0x0000000000000ef0      0x15c Libraries/lwip-1.3.1/port/ethernetif.o
 .debug_frame   0x000000000000104c       0xf8 Libraries/lwip-1.3.1/src/core/mem.o
 .debug_frame   0x0000000000001144       0x88 Libraries/lwip-1.3.1/src/core/memp.o
 .debug_frame   0x00000000000011cc      0x1f4 Libraries/lwip-1.3.1/src/core/pbuf.o
 .debug_frame   0x00000000000013c0      0x1f8 Libraries/lwip-1.3.1/src/netif/etharp.o
 .debug_frame   0x00000000000015b8      0x100 Libraries/premain/premain.o
 .debug_frame   0x00000000000016b8      0x1dc src/ethernet.o
 .debug_frame   0x0000000000001894       0x2c src/main.o
 .debug_frame   0x00000000000018c0      0x128 src/stm32f1xx_it.o
 .debug_frame   0x00000000000019e8       0x78 src/sys_init.o
 .debug_frame   0x0000000000001a60       0x98 src/system_stm32f10x.o
 .debug_frame   0x0000000000001af8      0x11c src/updater.o
 .debug_frame   0x0000000000001c14       0x2c /opt/Atollic_TrueSTUDIO_for_STM32_x86_64_9.2.0/ARMTools/bin/../lib/gcc/arm-atollic-eabi/6.3.1/../../../../arm-atollic-eabi/lib/armv7-m/libc_nano.a(lib_a-init.o)
 .debug_frame   0x0000000000001c40       0x34 /opt/Atollic_TrueSTUDIO_for_STM32_x86_64_9.2.0/ARMTools/bin/../lib/gcc/arm-atollic-eabi/6.3.1/../../../../arm-atollic-eabi/lib/armv7-m/libc_nano.a(lib_a-lcltime.o)
 .debug_frame   0x0000000000001c74       0x30 /opt/Atollic_TrueSTUDIO_for_STM32_x86_64_9.2.0/ARMTools/bin/../lib/gcc/arm-atollic-eabi/6.3.1/../../../../arm-atollic-eabi/lib/armv7-m/libc_nano.a(lib_a-lcltime_r.o)
 .debug_frame   0x0000000000001ca4       0x30 /opt/Atollic_TrueSTUDIO_for_STM32_x86_64_9.2.0/ARMTools/bin/../lib/gcc/arm-atollic-eabi/6.3.1/../../../../arm-atollic-eabi/lib/armv7-m/libc_nano.a(lib_a-malloc.o)
 .debug_frame   0x0000000000001cd4       0x28 /opt/Atollic_TrueSTUDIO_for_STM32_x86_64_9.2.0/ARMTools/bin/../lib/gcc/arm-atollic-eabi/6.3.1/../../../../arm-atollic-eabi/lib/armv7-m/libc_nano.a(lib_a-memcpy-stub.o)
 .debug_frame   0x0000000000001cfc       0x38 /opt/Atollic_TrueSTUDIO_for_STM32_x86_64_9.2.0/ARMTools/bin/../lib/gcc/arm-atollic-eabi/6.3.1/../../../../arm-atollic-eabi/lib/armv7-m/libc_nano.a(lib_a-nano-freer.o)
 .debug_frame   0x0000000000001d34       0x2c /opt/Atollic_TrueSTUDIO_for_STM32_x86_64_9.2.0/ARMTools/bin/../lib/gcc/arm-atollic-eabi/6.3.1/../../../../arm-atollic-eabi/lib/armv7-m/libc_nano.a(lib_a-nano-mallocr.o)
 .debug_frame   0x0000000000001d60       0x2c /opt/Atollic_TrueSTUDIO_for_STM32_x86_64_9.2.0/ARMTools/bin/../lib/gcc/arm-atollic-eabi/6.3.1/../../../../arm-atollic-eabi/lib/armv7-m/libc_nano.a(lib_a-sbrkr.o)
 .debug_frame   0x0000000000001d8c       0x20 /opt/Atollic_TrueSTUDIO_for_STM32_x86_64_9.2.0/ARMTools/bin/../lib/gcc/arm-atollic-eabi/6.3.1/../../../../arm-atollic-eabi/lib/armv7-m/libc_nano.a(lib_a-strcpy.o)
 .debug_frame   0x0000000000001dac       0x3c /opt/Atollic_TrueSTUDIO_for_STM32_x86_64_9.2.0/ARMTools/bin/../lib/gcc/arm-atollic-eabi/6.3.1/../../../../arm-atollic-eabi/lib/armv7-m/libc_nano.a(lib_a-tzcalc_limits.o)
 .debug_frame   0x0000000000001de8       0x30 /opt/Atollic_TrueSTUDIO_for_STM32_x86_64_9.2.0/ARMTools/bin/../lib/gcc/arm-atollic-eabi/6.3.1/../../../../arm-atollic-eabi/lib/armv7-m/libc_nano.a(lib_a-tzlock.o)
 .debug_frame   0x0000000000001e18       0x3c /opt/Atollic_TrueSTUDIO_for_STM32_x86_64_9.2.0/ARMTools/bin/../lib/gcc/arm-atollic-eabi/6.3.1/../../../../arm-atollic-eabi/lib/armv7-m/libc_nano.a(lib_a-tzset.o)
 .debug_frame   0x0000000000001e54       0x5c /opt/Atollic_TrueSTUDIO_for_STM32_x86_64_9.2.0/ARMTools/bin/../lib/gcc/arm-atollic-eabi/6.3.1/../../../../arm-atollic-eabi/lib/armv7-m/libc_nano.a(lib_a-tzset_r.o)
 .debug_frame   0x0000000000001eb0       0x4c /opt/Atollic_TrueSTUDIO_for_STM32_x86_64_9.2.0/ARMTools/bin/../lib/gcc/arm-atollic-eabi/6.3.1/../../../../arm-atollic-eabi/lib/armv7-m/libc_nano.a(lib_a-getenv_r.o)
 .debug_frame   0x0000000000001efc       0x20 /opt/Atollic_TrueSTUDIO_for_STM32_x86_64_9.2.0/ARMTools/bin/../lib/gcc/arm-atollic-eabi/6.3.1/../../../../arm-atollic-eabi/lib/armv7-m/libc_nano.a(lib_a-gettzinfo.o)
 .debug_frame   0x0000000000001f1c       0x30 /opt/Atollic_TrueSTUDIO_for_STM32_x86_64_9.2.0/ARMTools/bin/../lib/gcc/arm-atollic-eabi/6.3.1/../../../../arm-atollic-eabi/lib/armv7-m/libc_nano.a(lib_a-gmtime_r.o)
 .debug_frame   0x0000000000001f4c       0x30 /opt/Atollic_TrueSTUDIO_for_STM32_x86_64_9.2.0/ARMTools/bin/../lib/gcc/arm-atollic-eabi/6.3.1/../../../../arm-atollic-eabi/lib/armv7-m/libc_nano.a(lib_a-mlock.o)
 .debug_frame   0x0000000000001f7c       0x80 /opt/Atollic_TrueSTUDIO_for_STM32_x86_64_9.2.0/ARMTools/bin/../lib/gcc/arm-atollic-eabi/6.3.1/../../../../arm-atollic-eabi/lib/armv7-m/libc_nano.a(lib_a-sscanf.o)
 .debug_frame   0x0000000000001ffc       0x88 /opt/Atollic_TrueSTUDIO_for_STM32_x86_64_9.2.0/ARMTools/bin/../lib/gcc/arm-atollic-eabi/6.3.1/../../../../arm-atollic-eabi/lib/armv7-m/libc_nano.a(lib_a-stdio.o)
 .debug_frame   0x0000000000002084       0x20 /opt/Atollic_TrueSTUDIO_for_STM32_x86_64_9.2.0/ARMTools/bin/../lib/gcc/arm-atollic-eabi/6.3.1/../../../../arm-atollic-eabi/lib/armv7-m/libc_nano.a(lib_a-strcmp.o)
 .debug_frame   0x00000000000020a4       0x28 /opt/Atollic_TrueSTUDIO_for_STM32_x86_64_9.2.0/ARMTools/bin/../lib/gcc/arm-atollic-eabi/6.3.1/../../../../arm-atollic-eabi/lib/armv7-m/libc_nano.a(lib_a-strncmp.o)
 .debug_frame   0x00000000000020cc       0x84 /opt/Atollic_TrueSTUDIO_for_STM32_x86_64_9.2.0/ARMTools/bin/../lib/gcc/arm-atollic-eabi/6.3.1/../../../../arm-atollic-eabi/lib/armv7-m/libc_nano.a(lib_a-strtoul.o)
 .debug_frame   0x0000000000002150       0x30 /opt/Atollic_TrueSTUDIO_for_STM32_x86_64_9.2.0/ARMTools/bin/../lib/gcc/arm-atollic-eabi/6.3.1/../../../../arm-atollic-eabi/lib/armv7-m/libc_nano.a(lib_a-envlock.o)
 .debug_frame   0x0000000000002180       0x68 /opt/Atollic_TrueSTUDIO_for_STM32_x86_64_9.2.0/ARMTools/bin/../lib/gcc/arm-atollic-eabi/6.3.1/../../../../arm-atollic-eabi/lib/armv7-m/libc_nano.a(lib_a-locale.o)
 .debug_frame   0x00000000000021e8       0x48 /opt/Atollic_TrueSTUDIO_for_STM32_x86_64_9.2.0/ARMTools/bin/../lib/gcc/arm-atollic-eabi/6.3.1/../../../../arm-atollic-eabi/lib/armv7-m/libc_nano.a(lib_a-mbtowc_r.o)
 .debug_frame   0x0000000000002230       0x78 /opt/Atollic_TrueSTUDIO_for_STM32_x86_64_9.2.0/ARMTools/bin/../lib/gcc/arm-atollic-eabi/6.3.1/../../../../arm-atollic-eabi/lib/armv7-m/libc_nano.a(lib_a-nano-svfscanf.o)
 .debug_frame   0x00000000000022a8       0x60 /opt/Atollic_TrueSTUDIO_for_STM32_x86_64_9.2.0/ARMTools/bin/../lib/gcc/arm-atollic-eabi/6.3.1/../../../../arm-atollic-eabi/lib/armv7-m/libc_nano.a(lib_a-nano-vfscanf_i.o)
 .debug_frame   0x0000000000002308       0x2c /opt/Atollic_TrueSTUDIO_for_STM32_x86_64_9.2.0/ARMTools/bin/../lib/gcc/arm-atollic-eabi/6.3.1/../../../../arm-atollic-eabi/lib/armv7-m/libc_nano.a(lib_a-sccl.o)
 .debug_frame   0x0000000000002334       0x88 /opt/Atollic_TrueSTUDIO_for_STM32_x86_64_9.2.0/ARMTools/bin/../lib/gcc/arm-atollic-eabi/6.3.1/../../../../arm-atollic-eabi/lib/armv7-m/libc_nano.a(lib_a-strtol.o)
 .debug_frame   0x00000000000023bc       0x5c /opt/Atollic_TrueSTUDIO_for_STM32_x86_64_9.2.0/ARMTools/bin/../lib/gcc/arm-atollic-eabi/6.3.1/../../../../arm-atollic-eabi/lib/armv7-m/libc_nano.a(lib_a-ungetc.o)
 .debug_frame   0x0000000000002418       0x3c /opt/Atollic_TrueSTUDIO_for_STM32_x86_64_9.2.0/ARMTools/bin/../lib/gcc/arm-atollic-eabi/6.3.1/../../../../arm-atollic-eabi/lib/armv7-m/libc_nano.a(lib_a-wctomb_r.o)
 .debug_frame   0x0000000000002454      0x11c /opt/Atollic_TrueSTUDIO_for_STM32_x86_64_9.2.0/ARMTools/bin/../lib/gcc/arm-atollic-eabi/6.3.1/../../../../arm-atollic-eabi/lib/armv7-m/libc_nano.a(lib_a-findfp.o)
 .debug_frame   0x0000000000002570       0x28 /opt/Atollic_TrueSTUDIO_for_STM32_x86_64_9.2.0/ARMTools/bin/../lib/gcc/arm-atollic-eabi/6.3.1/../../../../arm-atollic-eabi/lib/armv7-m/libc_nano.a(lib_a-memchr-stub.o)
 .debug_frame   0x0000000000002598       0x3c /opt/Atollic_TrueSTUDIO_for_STM32_x86_64_9.2.0/ARMTools/bin/../lib/gcc/arm-atollic-eabi/6.3.1/../../../../arm-atollic-eabi/lib/armv7-m/libc_nano.a(lib_a-nano-reallocr.o)
 .debug_frame   0x00000000000025d4       0x20 /opt/Atollic_TrueSTUDIO_for_STM32_x86_64_9.2.0/ARMTools/bin/../lib/gcc/arm-atollic-eabi/6.3.1/../../../../arm-atollic-eabi/lib/armv7-m/libc_nano.a(lib_a-nano-msizer.o)
 .debug_frame   0x00000000000025f4       0x20 /opt/Atollic_TrueSTUDIO_for_STM32_x86_64_9.2.0/ARMTools/bin/../lib/gcc/arm-atollic-eabi/6.3.1/../../../../arm-atollic-eabi/lib/armv7-m/libnosys.a(sbrk.o)

.stabstr        0x0000000000000000       0xdf
 .stabstr       0x0000000000000000       0xdf /opt/Atollic_TrueSTUDIO_for_STM32_x86_64_9.2.0/ARMTools/bin/../lib/gcc/arm-atollic-eabi/6.3.1/../../../../arm-atollic-eabi/lib/armv7-m/libnosys.a(close.o)

Cross Reference Table

Symbol                                            File
ADC1_2_IRQHandler                                 src/startup_stm32f10x_cl.o
ADC_AnalogWatchdogCmd                             Libraries/STM32F10x_StdPeriph_Driver/src/stm32f10x_adc.o
ADC_AnalogWatchdogSingleChannelConfig             Libraries/STM32F10x_StdPeriph_Driver/src/stm32f10x_adc.o
ADC_AnalogWatchdogThresholdsConfig                Libraries/STM32F10x_StdPeriph_Driver/src/stm32f10x_adc.o
ADC_AutoInjectedConvCmd                           Libraries/STM32F10x_StdPeriph_Driver/src/stm32f10x_adc.o
ADC_ClearFlag                                     Libraries/STM32F10x_StdPeriph_Driver/src/stm32f10x_adc.o
ADC_ClearITPendingBit                             Libraries/STM32F10x_StdPeriph_Driver/src/stm32f10x_adc.o
ADC_Cmd                                           Libraries/STM32F10x_StdPeriph_Driver/src/stm32f10x_adc.o
ADC_DMACmd                                        Libraries/STM32F10x_StdPeriph_Driver/src/stm32f10x_adc.o
ADC_DeInit                                        Libraries/STM32F10x_StdPeriph_Driver/src/stm32f10x_adc.o
ADC_DiscModeChannelCountConfig                    Libraries/STM32F10x_StdPeriph_Driver/src/stm32f10x_adc.o
ADC_DiscModeCmd                                   Libraries/STM32F10x_StdPeriph_Driver/src/stm32f10x_adc.o
ADC_ExternalTrigConvCmd                           Libraries/STM32F10x_StdPeriph_Driver/src/stm32f10x_adc.o
ADC_ExternalTrigInjectedConvCmd                   Libraries/STM32F10x_StdPeriph_Driver/src/stm32f10x_adc.o
ADC_ExternalTrigInjectedConvConfig                Libraries/STM32F10x_StdPeriph_Driver/src/stm32f10x_adc.o
ADC_GetCalibrationStatus                          Libraries/STM32F10x_StdPeriph_Driver/src/stm32f10x_adc.o
ADC_GetConversionValue                            Libraries/STM32F10x_StdPeriph_Driver/src/stm32f10x_adc.o
ADC_GetDualModeConversionValue                    Libraries/STM32F10x_StdPeriph_Driver/src/stm32f10x_adc.o
ADC_GetFlagStatus                                 Libraries/STM32F10x_StdPeriph_Driver/src/stm32f10x_adc.o
ADC_GetITStatus                                   Libraries/STM32F10x_StdPeriph_Driver/src/stm32f10x_adc.o
ADC_GetInjectedConversionValue                    Libraries/STM32F10x_StdPeriph_Driver/src/stm32f10x_adc.o
ADC_GetResetCalibrationStatus                     Libraries/STM32F10x_StdPeriph_Driver/src/stm32f10x_adc.o
ADC_GetSoftwareStartConvStatus                    Libraries/STM32F10x_StdPeriph_Driver/src/stm32f10x_adc.o
ADC_GetSoftwareStartInjectedConvCmdStatus         Libraries/STM32F10x_StdPeriph_Driver/src/stm32f10x_adc.o
ADC_ITConfig                                      Libraries/STM32F10x_StdPeriph_Driver/src/stm32f10x_adc.o
ADC_Init                                          Libraries/STM32F10x_StdPeriph_Driver/src/stm32f10x_adc.o
ADC_InjectedChannelConfig                         Libraries/STM32F10x_StdPeriph_Driver/src/stm32f10x_adc.o
ADC_InjectedDiscModeCmd                           Libraries/STM32F10x_StdPeriph_Driver/src/stm32f10x_adc.o
ADC_InjectedSequencerLengthConfig                 Libraries/STM32F10x_StdPeriph_Driver/src/stm32f10x_adc.o
ADC_RegularChannelConfig                          Libraries/STM32F10x_StdPeriph_Driver/src/stm32f10x_adc.o
ADC_ResetCalibration                              Libraries/STM32F10x_StdPeriph_Driver/src/stm32f10x_adc.o
ADC_SetInjectedOffset                             Libraries/STM32F10x_StdPeriph_Driver/src/stm32f10x_adc.o
ADC_SoftwareStartConvCmd                          Libraries/STM32F10x_StdPeriph_Driver/src/stm32f10x_adc.o
ADC_SoftwareStartInjectedConvCmd                  Libraries/STM32F10x_StdPeriph_Driver/src/stm32f10x_adc.o
ADC_StartCalibration                              Libraries/STM32F10x_StdPeriph_Driver/src/stm32f10x_adc.o
ADC_StructInit                                    Libraries/STM32F10x_StdPeriph_Driver/src/stm32f10x_adc.o
ADC_TempSensorVrefintCmd                          Libraries/STM32F10x_StdPeriph_Driver/src/stm32f10x_adc.o
AHBPrescTable                                     src/system_stm32f10x.o
BKP_ClearFlag                                     Libraries/STM32F10x_StdPeriph_Driver/src/stm32f10x_bkp.o
BKP_ClearITPendingBit                             Libraries/STM32F10x_StdPeriph_Driver/src/stm32f10x_bkp.o
BKP_DeInit                                        Libraries/STM32F10x_StdPeriph_Driver/src/stm32f10x_bkp.o
BKP_GetFlagStatus                                 Libraries/STM32F10x_StdPeriph_Driver/src/stm32f10x_bkp.o
BKP_GetITStatus                                   Libraries/STM32F10x_StdPeriph_Driver/src/stm32f10x_bkp.o
BKP_ITConfig                                      Libraries/STM32F10x_StdPeriph_Driver/src/stm32f10x_bkp.o
BKP_RTCOutputConfig                               Libraries/STM32F10x_StdPeriph_Driver/src/stm32f10x_bkp.o
BKP_ReadBackupRegister                            Libraries/STM32F10x_StdPeriph_Driver/src/stm32f10x_bkp.o
BKP_SetRTCCalibrationValue                        Libraries/STM32F10x_StdPeriph_Driver/src/stm32f10x_bkp.o
BKP_TamperPinCmd                                  Libraries/STM32F10x_StdPeriph_Driver/src/stm32f10x_bkp.o
BKP_TamperPinLevelConfig                          Libraries/STM32F10x_StdPeriph_Driver/src/stm32f10x_bkp.o
BKP_WriteBackupRegister                           Libraries/STM32F10x_StdPeriph_Driver/src/stm32f10x_bkp.o
BusFault_Handler                                  src/stm32f1xx_it.o
                                                  src/startup_stm32f10x_cl.o
CAN1_RX0_IRQHandler                               src/startup_stm32f10x_cl.o
CAN1_RX1_IRQHandler                               src/startup_stm32f10x_cl.o
CAN1_SCE_IRQHandler                               src/startup_stm32f10x_cl.o
CAN1_TX_IRQHandler                                src/startup_stm32f10x_cl.o
CAN2_RX0_IRQHandler                               src/startup_stm32f10x_cl.o
CAN2_RX1_IRQHandler                               src/startup_stm32f10x_cl.o
CAN2_SCE_IRQHandler                               src/startup_stm32f10x_cl.o
CAN2_TX_IRQHandler                                src/startup_stm32f10x_cl.o
CAN_CancelTransmit                                Libraries/STM32F10x_StdPeriph_Driver/src/stm32f10x_can.o
CAN_ClearFlag                                     Libraries/STM32F10x_StdPeriph_Driver/src/stm32f10x_can.o
CAN_ClearITPendingBit                             Libraries/STM32F10x_StdPeriph_Driver/src/stm32f10x_can.o
CAN_DBGFreeze                                     Libraries/STM32F10x_StdPeriph_Driver/src/stm32f10x_can.o
CAN_DeInit                                        Libraries/STM32F10x_StdPeriph_Driver/src/stm32f10x_can.o
CAN_FIFORelease                                   Libraries/STM32F10x_StdPeriph_Driver/src/stm32f10x_can.o
CAN_FilterInit                                    Libraries/STM32F10x_StdPeriph_Driver/src/stm32f10x_can.o
CAN_GetFlagStatus                                 Libraries/STM32F10x_StdPeriph_Driver/src/stm32f10x_can.o
CAN_GetITStatus                                   Libraries/STM32F10x_StdPeriph_Driver/src/stm32f10x_can.o
CAN_GetLSBTransmitErrorCounter                    Libraries/STM32F10x_StdPeriph_Driver/src/stm32f10x_can.o
CAN_GetLastErrorCode                              Libraries/STM32F10x_StdPeriph_Driver/src/stm32f10x_can.o
CAN_GetReceiveErrorCounter                        Libraries/STM32F10x_StdPeriph_Driver/src/stm32f10x_can.o
CAN_ITConfig                                      Libraries/STM32F10x_StdPeriph_Driver/src/stm32f10x_can.o
CAN_Init                                          Libraries/STM32F10x_StdPeriph_Driver/src/stm32f10x_can.o
CAN_MessagePending                                Libraries/STM32F10x_StdPeriph_Driver/src/stm32f10x_can.o
CAN_OperatingModeRequest                          Libraries/STM32F10x_StdPeriph_Driver/src/stm32f10x_can.o
CAN_Receive                                       Libraries/STM32F10x_StdPeriph_Driver/src/stm32f10x_can.o
CAN_SlaveStartBank                                Libraries/STM32F10x_StdPeriph_Driver/src/stm32f10x_can.o
CAN_Sleep                                         Libraries/STM32F10x_StdPeriph_Driver/src/stm32f10x_can.o
CAN_StructInit                                    Libraries/STM32F10x_StdPeriph_Driver/src/stm32f10x_can.o
CAN_TTComModeCmd                                  Libraries/STM32F10x_StdPeriph_Driver/src/stm32f10x_can.o
CAN_Transmit                                      Libraries/STM32F10x_StdPeriph_Driver/src/stm32f10x_can.o
CAN_TransmitStatus                                Libraries/STM32F10x_StdPeriph_Driver/src/stm32f10x_can.o
CAN_WakeUp                                        Libraries/STM32F10x_StdPeriph_Driver/src/stm32f10x_can.o
CEC_ClearFlag                                     Libraries/STM32F10x_StdPeriph_Driver/src/stm32f10x_cec.o
CEC_ClearITPendingBit                             Libraries/STM32F10x_StdPeriph_Driver/src/stm32f10x_cec.o
CEC_Cmd                                           Libraries/STM32F10x_StdPeriph_Driver/src/stm32f10x_cec.o
CEC_DeInit                                        Libraries/STM32F10x_StdPeriph_Driver/src/stm32f10x_cec.o
CEC_EndOfMessageCmd                               Libraries/STM32F10x_StdPeriph_Driver/src/stm32f10x_cec.o
CEC_GetFlagStatus                                 Libraries/STM32F10x_StdPeriph_Driver/src/stm32f10x_cec.o
CEC_GetITStatus                                   Libraries/STM32F10x_StdPeriph_Driver/src/stm32f10x_cec.o
CEC_ITConfig                                      Libraries/STM32F10x_StdPeriph_Driver/src/stm32f10x_cec.o
CEC_Init                                          Libraries/STM32F10x_StdPeriph_Driver/src/stm32f10x_cec.o
CEC_OwnAddressConfig                              Libraries/STM32F10x_StdPeriph_Driver/src/stm32f10x_cec.o
CEC_ReceiveDataByte                               Libraries/STM32F10x_StdPeriph_Driver/src/stm32f10x_cec.o
CEC_SendDataByte                                  Libraries/STM32F10x_StdPeriph_Driver/src/stm32f10x_cec.o
CEC_SetPrescaler                                  Libraries/STM32F10x_StdPeriph_Driver/src/stm32f10x_cec.o
CEC_StartOfMessage                                Libraries/STM32F10x_StdPeriph_Driver/src/stm32f10x_cec.o
CRC_CalcBlockCRC                                  Libraries/STM32F10x_StdPeriph_Driver/src/stm32f10x_crc.o
                                                  src/updater.o
CRC_CalcCRC                                       Libraries/STM32F10x_StdPeriph_Driver/src/stm32f10x_crc.o
CRC_GetCRC                                        Libraries/STM32F10x_StdPeriph_Driver/src/stm32f10x_crc.o
CRC_GetIDRegister                                 Libraries/STM32F10x_StdPeriph_Driver/src/stm32f10x_crc.o
CRC_ResetDR                                       Libraries/STM32F10x_StdPeriph_Driver/src/stm32f10x_crc.o
CRC_SetIDRegister                                 Libraries/STM32F10x_StdPeriph_Driver/src/stm32f10x_crc.o
ClockConfig                                       Libraries/premain/premain.o
DAC_Cmd                                           Libraries/STM32F10x_StdPeriph_Driver/src/stm32f10x_dac.o
DAC_DMACmd                                        Libraries/STM32F10x_StdPeriph_Driver/src/stm32f10x_dac.o
DAC_DeInit                                        Libraries/STM32F10x_StdPeriph_Driver/src/stm32f10x_dac.o
DAC_DualSoftwareTriggerCmd                        Libraries/STM32F10x_StdPeriph_Driver/src/stm32f10x_dac.o
DAC_GetDataOutputValue                            Libraries/STM32F10x_StdPeriph_Driver/src/stm32f10x_dac.o
DAC_Init                                          Libraries/STM32F10x_StdPeriph_Driver/src/stm32f10x_dac.o
DAC_SetChannel1Data                               Libraries/STM32F10x_StdPeriph_Driver/src/stm32f10x_dac.o
DAC_SetChannel2Data                               Libraries/STM32F10x_StdPeriph_Driver/src/stm32f10x_dac.o
DAC_SetDualChannelData                            Libraries/STM32F10x_StdPeriph_Driver/src/stm32f10x_dac.o
DAC_SoftwareTriggerCmd                            Libraries/STM32F10x_StdPeriph_Driver/src/stm32f10x_dac.o
DAC_StructInit                                    Libraries/STM32F10x_StdPeriph_Driver/src/stm32f10x_dac.o
DAC_WaveGenerationCmd                             Libraries/STM32F10x_StdPeriph_Driver/src/stm32f10x_dac.o
DBGMCU_Config                                     Libraries/STM32F10x_StdPeriph_Driver/src/stm32f10x_dbgmcu.o
DBGMCU_GetDEVID                                   Libraries/STM32F10x_StdPeriph_Driver/src/stm32f10x_dbgmcu.o
DBGMCU_GetREVID                                   Libraries/STM32F10x_StdPeriph_Driver/src/stm32f10x_dbgmcu.o
DMA1_Channel1_IRQHandler                          src/startup_stm32f10x_cl.o
DMA1_Channel2_IRQHandler                          src/startup_stm32f10x_cl.o
DMA1_Channel3_IRQHandler                          src/startup_stm32f10x_cl.o
DMA1_Channel4_IRQHandler                          src/startup_stm32f10x_cl.o
DMA1_Channel5_IRQHandler                          src/startup_stm32f10x_cl.o
DMA1_Channel6_IRQHandler                          src/startup_stm32f10x_cl.o
DMA1_Channel7_IRQHandler                          src/startup_stm32f10x_cl.o
DMA2_Channel1_IRQHandler                          src/startup_stm32f10x_cl.o
DMA2_Channel2_IRQHandler                          src/startup_stm32f10x_cl.o
DMA2_Channel3_IRQHandler                          src/startup_stm32f10x_cl.o
DMA2_Channel4_IRQHandler                          src/startup_stm32f10x_cl.o
DMA2_Channel5_IRQHandler                          src/startup_stm32f10x_cl.o
DMAPTPRxDescToGet                                 Libraries/STM32_ETH_Driver/src/stm32_eth.o
DMAPTPTxDescToSet                                 Libraries/STM32_ETH_Driver/src/stm32_eth.o
DMARxDescToGet                                    Libraries/STM32_ETH_Driver/src/stm32_eth.o
                                                  Libraries/lwip-1.3.1/port/ethernetif.o
DMARxDscrTab                                      Libraries/lwip-1.3.1/port/ethernetif.o
DMATxDesc                                         Libraries/lwip-1.3.1/port/ethernetif.o
DMATxDescToSet                                    Libraries/STM32_ETH_Driver/src/stm32_eth.o
                                                  Libraries/lwip-1.3.1/port/ethernetif.o
DMATxDscrTab                                      Libraries/lwip-1.3.1/port/ethernetif.o
DMA_ClearFlag                                     Libraries/STM32F10x_StdPeriph_Driver/src/stm32f10x_dma.o
DMA_ClearITPendingBit                             Libraries/STM32F10x_StdPeriph_Driver/src/stm32f10x_dma.o
DMA_Cmd                                           Libraries/STM32F10x_StdPeriph_Driver/src/stm32f10x_dma.o
DMA_DeInit                                        Libraries/STM32F10x_StdPeriph_Driver/src/stm32f10x_dma.o
DMA_GetCurrDataCounter                            Libraries/STM32F10x_StdPeriph_Driver/src/stm32f10x_dma.o
DMA_GetFlagStatus                                 Libraries/STM32F10x_StdPeriph_Driver/src/stm32f10x_dma.o
DMA_GetITStatus                                   Libraries/STM32F10x_StdPeriph_Driver/src/stm32f10x_dma.o
DMA_ITConfig                                      Libraries/STM32F10x_StdPeriph_Driver/src/stm32f10x_dma.o
DMA_Init                                          Libraries/STM32F10x_StdPeriph_Driver/src/stm32f10x_dma.o
DMA_SetCurrDataCounter                            Libraries/STM32F10x_StdPeriph_Driver/src/stm32f10x_dma.o
DMA_StructInit                                    Libraries/STM32F10x_StdPeriph_Driver/src/stm32f10x_dma.o
DebugMon_Handler                                  src/stm32f1xx_it.o
                                                  src/startup_stm32f10x_cl.o
Default_Handler                                   src/startup_stm32f10x_cl.o
ETH_BackPressureActivationCmd                     Libraries/STM32_ETH_Driver/src/stm32_eth.o
ETH_DMAClearFlag                                  Libraries/STM32_ETH_Driver/src/stm32_eth.o
ETH_DMAClearITPendingBit                          Libraries/STM32_ETH_Driver/src/stm32_eth.o
                                                  src/stm32f1xx_it.o
ETH_DMAITConfig                                   Libraries/STM32_ETH_Driver/src/stm32_eth.o
                                                  src/ethernet.o
ETH_DMAPTPRxDescChainInit                         Libraries/STM32_ETH_Driver/src/stm32_eth.o
ETH_DMAPTPTxDescChainInit                         Libraries/STM32_ETH_Driver/src/stm32_eth.o
ETH_DMAReceptionCmd                               Libraries/STM32_ETH_Driver/src/stm32_eth.o
ETH_DMARxDescChainInit                            Libraries/STM32_ETH_Driver/src/stm32_eth.o
                                                  Libraries/lwip-1.3.1/port/ethernetif.o
ETH_DMARxDescEndOfRingCmd                         Libraries/STM32_ETH_Driver/src/stm32_eth.o
ETH_DMARxDescReceiveITConfig                      Libraries/STM32_ETH_Driver/src/stm32_eth.o
                                                  Libraries/lwip-1.3.1/port/ethernetif.o
ETH_DMARxDescRingInit                             Libraries/STM32_ETH_Driver/src/stm32_eth.o
ETH_DMARxDescSecondAddressChainedCmd              Libraries/STM32_ETH_Driver/src/stm32_eth.o
ETH_DMATransmissionCmd                            Libraries/STM32_ETH_Driver/src/stm32_eth.o
ETH_DMATxDescBufferSizeConfig                     Libraries/STM32_ETH_Driver/src/stm32_eth.o
ETH_DMATxDescCRCCmd                               Libraries/STM32_ETH_Driver/src/stm32_eth.o
ETH_DMATxDescChainInit                            Libraries/STM32_ETH_Driver/src/stm32_eth.o
                                                  Libraries/lwip-1.3.1/port/ethernetif.o
ETH_DMATxDescChecksumInsertionConfig              Libraries/STM32_ETH_Driver/src/stm32_eth.o
                                                  Libraries/lwip-1.3.1/port/ethernetif.o
ETH_DMATxDescEndOfRingCmd                         Libraries/STM32_ETH_Driver/src/stm32_eth.o
ETH_DMATxDescFrameSegmentConfig                   Libraries/STM32_ETH_Driver/src/stm32_eth.o
ETH_DMATxDescRingInit                             Libraries/STM32_ETH_Driver/src/stm32_eth.o
ETH_DMATxDescSecondAddressChainedCmd              Libraries/STM32_ETH_Driver/src/stm32_eth.o
ETH_DMATxDescShortFramePaddingCmd                 Libraries/STM32_ETH_Driver/src/stm32_eth.o
ETH_DMATxDescTimeStampCmd                         Libraries/STM32_ETH_Driver/src/stm32_eth.o
ETH_DMATxDescTransmitITConfig                     Libraries/STM32_ETH_Driver/src/stm32_eth.o
ETH_DeInit                                        Libraries/STM32_ETH_Driver/src/stm32_eth.o
                                                  src/ethernet.o
ETH_DropRxPkt                                     Libraries/STM32_ETH_Driver/src/stm32_eth.o
ETH_EnablePTPTimeStampAddend                      Libraries/STM32_ETH_Driver/src/stm32_eth.o
ETH_EnablePTPTimeStampInterruptTrigger            Libraries/STM32_ETH_Driver/src/stm32_eth.o
ETH_EnablePTPTimeStampUpdate                      Libraries/STM32_ETH_Driver/src/stm32_eth.o
ETH_FlushTransmitFIFO                             Libraries/STM32_ETH_Driver/src/stm32_eth.o
ETH_GetBufferUnavailableMissedFrameCounter        Libraries/STM32_ETH_Driver/src/stm32_eth.o
ETH_GetCurrentRxBufferAddress                     Libraries/STM32_ETH_Driver/src/stm32_eth.o
ETH_GetCurrentRxDescStartAddress                  Libraries/STM32_ETH_Driver/src/stm32_eth.o
ETH_GetCurrentTxBuffer                            Libraries/lwip-1.3.1/port/ethernetif.o
ETH_GetCurrentTxBufferAddress                     Libraries/STM32_ETH_Driver/src/stm32_eth.o
ETH_GetCurrentTxDescStartAddress                  Libraries/STM32_ETH_Driver/src/stm32_eth.o